Archive member included to satisfy reference by file (symbol)

/Users/sushant/Library/Application Support/Cursor/User/globalStorage/vexrobotics.vexcode/sdk/cpp/V5/V5_20240802_15_00_00/vexv5/libv5rt.a(v5_startup.c.obj)
                              (vexStartup)
/Users/sushant/Library/Application Support/Cursor/User/globalStorage/vexrobotics.vexcode/sdk/cpp/V5/V5_20240802_15_00_00/vexv5/libv5rt.a(v5_util.c.obj)
                              /Users/sushant/Library/Application Support/Cursor/User/globalStorage/vexrobotics.vexcode/sdk/cpp/V5/V5_20240802_15_00_00/vexv5/libv5rt.a(v5_startup.c.obj) (vexStdlibVersionLinked)
/Users/sushant/Library/Application Support/Cursor/User/globalStorage/vexrobotics.vexcode/sdk/cpp/V5/V5_20240802_15_00_00/vexv5/libv5rt.a(v5_apijump.c.obj)
                              /Users/sushant/Library/Application Support/Cursor/User/globalStorage/vexrobotics.vexcode/sdk/cpp/V5/V5_20240802_15_00_00/vexv5/libv5rt.a(v5_startup.c.obj) (vexPrivateApiEnable)
/Users/sushant/Library/Application Support/Cursor/User/globalStorage/vexrobotics.vexcode/sdk/cpp/V5/V5_20240802_15_00_00/vexv5/libv5rt.a(v5_apiversions.c.obj)
                              /Users/sushant/Library/Application Support/Cursor/User/globalStorage/vexrobotics.vexcode/sdk/cpp/V5/V5_20240802_15_00_00/vexv5/libv5rt.a(v5_apijump.c.obj) (vexSystemVersion)
/Users/sushant/Library/Application Support/Cursor/User/globalStorage/vexrobotics.vexcode/sdk/cpp/V5/V5_20240802_15_00_00/vexv5/libv5rt.a(vex_global.cpp.obj)
                              build/src/main.o (vex::wait(double, vex::timeUnits))
/Users/sushant/Library/Application Support/Cursor/User/globalStorage/vexrobotics.vexcode/sdk/cpp/V5/V5_20240802_15_00_00/vexv5/libv5rt.a(vex_motor.cpp.obj)
                              build/src/main.o (vex::motor::~motor())
/Users/sushant/Library/Application Support/Cursor/User/globalStorage/vexrobotics.vexcode/sdk/cpp/V5/V5_20240802_15_00_00/vexv5/libv5rt.a(vex_imu.cpp.obj)
                              build/src/JAR-Template/drive.o (vex::inertial::setRotation(double, vex::rotationUnits))
/Users/sushant/Library/Application Support/Cursor/User/globalStorage/vexrobotics.vexcode/sdk/cpp/V5/V5_20240802_15_00_00/vexv5/libv5rt.a(vex_rotation.cpp.obj)
                              build/src/main.o (vex::rotation::~rotation())
/Users/sushant/Library/Application Support/Cursor/User/globalStorage/vexrobotics.vexcode/sdk/cpp/V5/V5_20240802_15_00_00/vexv5/libv5rt.a(vex_distance.cpp.obj)
                              build/src/robot-config.o (vex::distance::~distance())
/Users/sushant/Library/Application Support/Cursor/User/globalStorage/vexrobotics.vexcode/sdk/cpp/V5/V5_20240802_15_00_00/vexv5/libv5rt.a(vex_controller.cpp.obj)
                              build/src/robot-config.o (vex::controller::~controller())
/Users/sushant/Library/Application Support/Cursor/User/globalStorage/vexrobotics.vexcode/sdk/cpp/V5/V5_20240802_15_00_00/vexv5/libv5rt.a(vex_task.cpp.obj)
                              build/src/JAR-Template/drive.o (vex::task::task())
/Users/sushant/Library/Application Support/Cursor/User/globalStorage/vexrobotics.vexcode/sdk/cpp/V5/V5_20240802_15_00_00/vexv5/libv5rt.a(vex_thread.cpp.obj)
                              /Users/sushant/Library/Application Support/Cursor/User/globalStorage/vexrobotics.vexcode/sdk/cpp/V5/V5_20240802_15_00_00/vexv5/libv5rt.a(vex_global.cpp.obj) (vex::this_thread::sleep_for(unsigned long))
/Users/sushant/Library/Application Support/Cursor/User/globalStorage/vexrobotics.vexcode/sdk/cpp/V5/V5_20240802_15_00_00/vexv5/libv5rt.a(vex_event.cpp.obj)
                              /Users/sushant/Library/Application Support/Cursor/User/globalStorage/vexrobotics.vexcode/sdk/cpp/V5/V5_20240802_15_00_00/vexv5/libv5rt.a(vex_imu.cpp.obj) (vex::event::init(unsigned long, unsigned long, void (*)()))
/Users/sushant/Library/Application Support/Cursor/User/globalStorage/vexrobotics.vexcode/sdk/cpp/V5/V5_20240802_15_00_00/vexv5/libv5rt.a(vex_mevent.cpp.obj)
                              /Users/sushant/Library/Application Support/Cursor/User/globalStorage/vexrobotics.vexcode/sdk/cpp/V5/V5_20240802_15_00_00/vexv5/libv5rt.a(vex_controller.cpp.obj) (vex::mevent::mevent(unsigned long, unsigned long))
/Users/sushant/Library/Application Support/Cursor/User/globalStorage/vexrobotics.vexcode/sdk/cpp/V5/V5_20240802_15_00_00/vexv5/libv5rt.a(vex_brain.cpp.obj)
                              build/src/robot-config.o (vex::brain::brain())
/Users/sushant/Library/Application Support/Cursor/User/globalStorage/vexrobotics.vexcode/sdk/cpp/V5/V5_20240802_15_00_00/vexv5/libv5rt.a(vex_competition.cpp.obj)
                              build/src/main.o (vex::competition::competition())
/Users/sushant/Library/Application Support/Cursor/User/globalStorage/vexrobotics.vexcode/sdk/cpp/V5/V5_20240802_15_00_00/vexv5/libv5rt.a(vex_triport.cpp.obj)
                              build/src/main.o (vex::triport::~triport())
[...]
Memory Configuration

Name             Origin             Length             Attributes
ps7_ddr_0_S_AXI_BASEADDR 0x0000000003800000 0x0000000004800000
*default*        0x0000000000000000 0xffffffffffffffff

Linker script and memory map

                0x0000000000002000                _STACK_SIZE = DEFINED (_STACK_SIZE)?_STACK_SIZE:0x2000
                0x0000000000100000                _HEAP_SIZE = DEFINED (_HEAP_SIZE)?_HEAP_SIZE:0x100000
                0x0000000000000400                _ABORT_STACK_SIZE = DEFINED (_ABORT_STACK_SIZE)?_ABORT_STACK_SIZE:0x400
                0x0000000000000800                _SUPERVISOR_STACK_SIZE = DEFINED (_SUPERVISOR_STACK_SIZE)?_SUPERVISOR_STACK_SIZE:0x800
                0x0000000000000400                _IRQ_STACK_SIZE = DEFINED (_IRQ_STACK_SIZE)?_IRQ_STACK_SIZE:0x400
                0x0000000000000400                _FIQ_STACK_SIZE = DEFINED (_FIQ_STACK_SIZE)?_FIQ_STACK_SIZE:0x400
                0x0000000000000400                _UNDEF_STACK_SIZE = DEFINED (_UNDEF_STACK_SIZE)?_UNDEF_STACK_SIZE:0x400

.text           0x0000000003800000     0x8338
 *(.vectors)
 *(.boot_data)
 .boot_data     0x0000000003800000       0x20 /Users/sushant/Library/Application Support/Cursor/User/globalStorage/vexrobotics.vexcode/sdk/cpp/V5/V5_20240802_15_00_00/vexv5/libv5rt.a(v5_startup.c.obj)
                0x0000000003800000                vexCodeSig
                0x0000000000000020                . = 0x20
 *(.boot)
 .boot          0x0000000003800020       0xbc /Users/sushant/Library/Application Support/Cursor/User/globalStorage/vexrobotics.vexcode/sdk/cpp/V5/V5_20240802_15_00_00/vexv5/libv5rt.a(v5_startup.c.obj)
                0x0000000003800020                vexStartup
                0x0000000003800100                . = ALIGN (0x40)
 *fill*         0x00000000038000dc       0x24 
 *(.freertos_vectors)
 *(.text)
 .text          0x0000000003800100       0x3a /Users/sushant/Library/Application Support/Cursor/User/globalStorage/vexrobotics.vexcode/sdk/cpp/V5/V5_20240802_15_00_00/vexv5/gcc/libs/libc.a(lib_a-aeabi_memmove-soft.o)
                0x0000000003800100                __aeabi_memmove8
                0x0000000003800100                __aeabi_memmove4
                0x0000000003800100                __aeabi_memmove
 *(.text.*)
 *fill*         0x000000000380013a        0x2 
 .text._Z17default_constantsv
                0x000000000380013c      0x10c build/src/autons.o
                0x000000000380013c                default_constants()
 .text._Z9turn_testv
                0x0000000003800248       0x40 build/src/autons.o
                0x0000000003800248                turn_test()
 .text._Z20horizontal_odom_testv
                0x0000000003800288      0x164 build/src/autons.o
                0x0000000003800288                horizontal_odom_test()
 .text._Z18vertical_odom_testv
                0x00000000038003ec      0x164 build/src/autons.o
                0x00000000038003ec                vertical_odom_test()
 .text._Z17localization_testv
                0x0000000003800550      0x1ec build/src/autons.o
                0x0000000003800550                localization_test()
 .text._Z14tank_odom_testv
                0x000000000380073c       0xa4 build/src/autons.o
                0x000000000380073c                tank_odom_test()
 .text._Z12pursuit_testv
                0x00000000038007e0      0x140 build/src/autons.o
                0x00000000038007e0                pursuit_test()
 .text._ZNSt6vectorI5PointSaIS0_EEC2ESt16initializer_listIS0_ERKS1_
                0x0000000003800920       0x58 build/src/autons.o
                0x0000000003800920                std::vector<Point, std::allocator<Point> >::vector(std::initializer_list<Point>, std::allocator<Point> const&)
 .text._Z15strong_side_2_2v
                0x0000000003800978      0x2d8 build/src/autons.o
                0x0000000003800978                strong_side_2_2()
 .text._Z9weak_sidev
                0x0000000003800c50      0x2e0 build/src/autons.o
                0x0000000003800c50                weak_side()
 .text._ZNSt12_Vector_baseI5PointSaIS0_EE11_M_allocateEj
                0x0000000003800f30       0x30 build/src/autons.o
                0x0000000003800f30                std::_Vector_base<Point, std::allocator<Point> >::_M_allocate(unsigned int)
 .text._ZN5DriveD2Ev
                0x0000000003800f60       0x7c build/src/main.o
                0x0000000003800f60                Drive::~Drive()
 .text._Z18set_cascade_targetf
                0x0000000003800fdc       0x40 build/src/main.o
                0x0000000003800fdc                set_cascade_target(float)
 *fill*         0x000000000380101c        0x4 
 .text._Z21init_cascade_positionv
                0x0000000003801020       0x90 build/src/main.o
                0x0000000003801020                init_cascade_position()
 .text._Z20cascade_control_taskv
                0x00000000038010b0       0xc8 build/src/main.o
                0x00000000038010b0                cascade_control_task()
 .text._Z9pre_autonv
                0x0000000003801178      0x480 build/src/main.o
                0x0000000003801178                pre_auton()
 .text._Z10autonomousv
                0x00000000038015f8       0x98 build/src/main.o
                0x00000000038015f8                autonomous()
 .text._Z11usercontrolv
                0x0000000003801690      0x570 build/src/main.o
                0x0000000003801690                usercontrol()
 .text.main     0x0000000003801c00       0x68 build/src/main.o
                0x0000000003801c00                main
 .text._GLOBAL__sub_I_main.cpp
                0x0000000003801c68      0x1bc build/src/main.o
 .text._ZN3vex11motor_groupC2IJNS_5motorES2_EEERS2_DpRT_
                0x0000000003801e24       0x44 build/src/robot-config.o
                0x0000000003801e24                vex::motor_group::motor_group<vex::motor, vex::motor>(vex::motor&, vex::motor&, vex::motor&)
 .text._Z11vexcodeInitv
                0x0000000003801e68       0x18 build/src/robot-config.o
                0x0000000003801e68                vexcodeInit()
 .text._GLOBAL__sub_I_robot_config.cpp
                0x0000000003801e80      0x35c build/src/robot-config.o
 .text._ZN3PIDC2Efffff
                0x00000000038021dc       0x38 build/src/JAR-Template/PID.o
                0x00000000038021dc                PID::PID(float, float, float, float, float)
                0x00000000038021dc                PID::PID(float, float, float, float, float)
 .text._ZN3PIDC2Effffffff
                0x0000000003802214       0x50 build/src/JAR-Template/PID.o
                0x0000000003802214                PID::PID(float, float, float, float, float, float, float, float)
                0x0000000003802214                PID::PID(float, float, float, float, float, float, float, float)
 .text._ZN3PID7computeEf
                0x0000000003802264       0xd0 build/src/JAR-Template/PID.o
                0x0000000003802264                PID::compute(float)
 .text._ZN3PID10is_settledEv
                0x0000000003802334       0x44 build/src/JAR-Template/PID.o
                0x0000000003802334                PID::is_settled()
 .text._ZN5DriveC2E11drive_setupN3vex11motor_groupES2_ifffiiiiiffiff
                0x0000000003802378      0x288 build/src/JAR-Template/drive.o
                0x0000000003802378                Drive::Drive(drive_setup, vex::motor_group, vex::motor_group, int, float, float, float, int, int, int, int, int, float, float, int, float, float)
                0x0000000003802378                Drive::Drive(drive_setup, vex::motor_group, vex::motor_group, int, float, float, float, int, int, int, int, int, float, float, int, float, float)
 .text._ZN5Drive18drive_with_voltageEff
                0x0000000003802600       0x6c build/src/JAR-Template/drive.o
                0x0000000003802600                Drive::drive_with_voltage(float, float)
 .text._ZN5Drive18set_turn_constantsEfffff
                0x000000000380266c       0x1c build/src/JAR-Template/drive.o
                0x000000000380266c                Drive::set_turn_constants(float, float, float, float, float)
 .text._ZN5Drive19set_drive_constantsEfffff
                0x0000000003802688       0x1c build/src/JAR-Template/drive.o
                0x0000000003802688                Drive::set_drive_constants(float, float, float, float, float)
 .text._ZN5Drive21set_heading_constantsEfffff
                0x00000000038026a4       0x1c build/src/JAR-Template/drive.o
                0x00000000038026a4                Drive::set_heading_constants(float, float, float, float, float)
 .text._ZN5Drive19set_swing_constantsEfffff
                0x00000000038026c0       0x1c build/src/JAR-Template/drive.o
                0x00000000038026c0                Drive::set_swing_constants(float, float, float, float, float)
 .text._ZN5Drive24set_turn_exit_conditionsEfff
                0x00000000038026dc        0xc build/src/JAR-Template/drive.o
                0x00000000038026dc                Drive::set_turn_exit_conditions(float, float, float)
 .text._ZN5Drive25set_drive_exit_conditionsEfff
                0x00000000038026e8        0xc build/src/JAR-Template/drive.o
                0x00000000038026e8                Drive::set_drive_exit_conditions(float, float, float)
 .text._ZN5Drive25set_swing_exit_conditionsEfff
                0x00000000038026f4        0xc build/src/JAR-Template/drive.o
                0x00000000038026f4                Drive::set_swing_exit_conditions(float, float, float)
 .text._ZN5Drive20get_absolute_headingEv
                0x0000000003802700       0x48 build/src/JAR-Template/drive.o
                0x0000000003802700                Drive::get_absolute_heading()
 .text._ZN5Drive13turn_to_angleEf
                0x0000000003802748       0x50 build/src/JAR-Template/drive.o
                0x0000000003802748                Drive::turn_to_angle(float)
 .text._ZN5Drive13turn_to_angleEfffffffff
                0x0000000003802798      0x150 build/src/JAR-Template/drive.o
                0x0000000003802798                Drive::turn_to_angle(float, float, float, float, float, float, float, float, float)
 .text._ZN5Drive13turn_to_angleEfffff
                0x00000000038028e8       0x48 build/src/JAR-Template/drive.o
                0x00000000038028e8                Drive::turn_to_angle(float, float, float, float, float)
 .text._ZN5Drive14drive_distanceEf
                0x0000000003802930       0xc8 build/src/JAR-Template/drive.o
                0x0000000003802930                Drive::drive_distance(float)
 .text._ZN5Drive14drive_distanceEfffffffffffffff
                0x00000000038029f8      0x2e0 build/src/JAR-Template/drive.o
                0x00000000038029f8                Drive::drive_distance(float, float, float, float, float, float, float, float, float, float, float, float, float, float, float)
 .text._ZN5Drive14drive_distanceEfffffff
                0x0000000003802cd8       0x78 build/src/JAR-Template/drive.o
                0x0000000003802cd8                Drive::drive_distance(float, float, float, float, float, float, float)
 .text._ZN5Drive10start_odomEfff
                0x0000000003802d50       0xd8 build/src/JAR-Template/drive.o
                0x0000000003802d50                Drive::start_odom(float, float, float)
 .text._ZN5Drive14get_X_positionEv
                0x0000000003802e28        0x8 build/src/JAR-Template/drive.o
                0x0000000003802e28                Drive::get_X_position()
 .text._ZN5Drive14get_Y_positionEv
                0x0000000003802e30        0x8 build/src/JAR-Template/drive.o
                0x0000000003802e30                Drive::get_Y_position()
 .text._ZN5Drive27get_ForwardTracker_positionEv
                0x0000000003802e38       0xa0 build/src/JAR-Template/drive.o
                0x0000000003802e38                Drive::get_ForwardTracker_position()
 .text._ZN5Drive28get_SidewaysTracker_positionEv
                0x0000000003802ed8       0x88 build/src/JAR-Template/drive.o
                0x0000000003802ed8                Drive::get_SidewaysTracker_position()
 .text._ZN5Drive14position_trackEv
                0x0000000003802f60       0x88 build/src/JAR-Template/drive.o
                0x0000000003802f60                Drive::position_track()
 .text._ZN5Drive15set_coordinatesEfff
                0x0000000003802fe8        0x4 build/src/JAR-Template/drive.o
                0x0000000003802fe8                Drive::set_coordinates(float, float, float)
 .text._ZN5Drive19position_track_taskEv
                0x0000000003802fec       0x14 build/src/JAR-Template/drive.o
                0x0000000003802fec                Drive::position_track_task()
 .text._ZN5Drive14drive_to_pointEff
                0x0000000003803000       0x80 build/src/JAR-Template/drive.o
                0x0000000003803000                Drive::drive_to_point(float, float)
 .text._ZN5Drive14drive_to_pointEffffffffffffffff
                0x0000000003803080      0x36c build/src/JAR-Template/drive.o
                0x0000000003803080                Drive::drive_to_point(float, float, float, float, float, float, float, float, float, float, float, float, float, float, float, float)
 .text._ZN5Drive13turn_to_pointEff
                0x00000000038033ec       0x5c build/src/JAR-Template/drive.o
                0x00000000038033ec                Drive::turn_to_point(float, float)
 .text._ZN5Drive13turn_to_pointEfffffffffff
                0x0000000003803448      0x1d0 build/src/JAR-Template/drive.o
                0x0000000003803448                Drive::turn_to_point(float, float, float, float, float, float, float, float, float, float, float)
 .text._ZN5Drive11follow_pathERKSt6vectorI5PointSaIS1_EE
                0x0000000003803618       0x90 build/src/JAR-Template/drive.o
                0x0000000003803618                Drive::follow_path(std::vector<Point, std::allocator<Point> > const&)
 .text._ZN5Drive11follow_pathERKSt6vectorI5PointSaIS1_EEfbffffffffffffff
                0x00000000038036a8      0x5d4 build/src/JAR-Template/drive.o
                0x00000000038036a8                Drive::follow_path(std::vector<Point, std::allocator<Point> > const&, float, bool, float, float, float, float, float, float, float, float, float, float, float, float, float, float)
 *fill*         0x0000000003803c7c        0x4 
 .text._ZN5Drive14control_arcadeEv
                0x0000000003803c80      0x158 build/src/JAR-Template/drive.o
                0x0000000003803c80                Drive::control_arcade()
 .text._ZN4Odom22set_physical_distancesEff
                0x0000000003803dd8        0x8 build/src/JAR-Template/odom.o
                0x0000000003803dd8                Odom::set_physical_distances(float, float)
 .text._ZN4Odom12set_positionEfffff
                0x0000000003803de0       0x1c build/src/JAR-Template/odom.o
                0x0000000003803de0                Odom::set_position(float, float, float, float, float)
 .text._ZN4Odom15update_positionEfff
                0x0000000003803dfc      0x1a4 build/src/JAR-Template/odom.o
                0x0000000003803dfc                Odom::update_position(float, float, float)
 .text._ZN11PurePursuitC2Ev
                0x0000000003803fa0        0xc build/src/JAR-Template/pure-pursuit.o
                0x0000000003803fa0                PurePursuit::PurePursuit()
                0x0000000003803fa0                PurePursuit::PurePursuit()
 .text._ZN11PurePursuit8set_pathERKSt6vectorI5PointSaIS1_EE
                0x0000000003803fac       0x1c build/src/JAR-Template/pure-pursuit.o
                0x0000000003803fac                PurePursuit::set_path(std::vector<Point, std::allocator<Point> > const&)
 .text._ZNSt6vectorI5PointSaIS0_EEaSERKS2_
                0x0000000003803fc8      0x104 build/src/JAR-Template/pure-pursuit.o
                0x0000000003803fc8                std::vector<Point, std::allocator<Point> >::operator=(std::vector<Point, std::allocator<Point> > const&)
 .text._ZN11PurePursuit12get_point_atEf
                0x00000000038040cc       0xb0 build/src/JAR-Template/pure-pursuit.o
                0x00000000038040cc                PurePursuit::get_point_at(float)
 *fill*         0x000000000380417c        0x4 
 .text._ZN11PurePursuit18project_on_segmentEffi
                0x0000000003804180       0x74 build/src/JAR-Template/pure-pursuit.o
                0x0000000003804180                PurePursuit::project_on_segment(float, float, int)
 .text._ZN11PurePursuit22distance_to_projectionEffif
                0x00000000038041f4       0x88 build/src/JAR-Template/pure-pursuit.o
                0x00000000038041f4                PurePursuit::distance_to_projection(float, float, int, float)
 .text._ZN11PurePursuit28get_closest_fractional_indexEff
                0x000000000380427c      0x174 build/src/JAR-Template/pure-pursuit.o
                0x000000000380427c                PurePursuit::get_closest_fractional_index(float, float)
 .text._ZN11PurePursuit20remaining_from_indexEf
                0x00000000038043f0      0x12c build/src/JAR-Template/pure-pursuit.o
                0x00000000038043f0                PurePursuit::remaining_from_index(float)
 *fill*         0x000000000380451c        0x4 
 .text._ZN11PurePursuit16point_along_pathEff
                0x0000000003804520      0x164 build/src/JAR-Template/pure-pursuit.o
                0x0000000003804520                PurePursuit::point_along_path(float, float)
 *fill*         0x0000000003804684        0x4 
 .text._ZN11PurePursuit19intersect_lookaheadEffffR5Point
                0x0000000003804688      0x214 build/src/JAR-Template/pure-pursuit.o
                0x0000000003804688                PurePursuit::intersect_lookahead(float, float, float, float, Point&)
 *fill*         0x000000000380489c        0x4 
 .text._ZN11PurePursuit19get_lookahead_pointEfff
                0x00000000038048a0      0x1c4 build/src/JAR-Template/pure-pursuit.o
                0x00000000038048a0                PurePursuit::get_lookahead_point(float, float, float)
 .text._ZN11PurePursuit22get_remaining_distanceEff
                0x0000000003804a64       0x8c build/src/JAR-Template/pure-pursuit.o
                0x0000000003804a64                PurePursuit::get_remaining_distance(float, float)
 .text._Z15reduce_0_to_360f
                0x0000000003804af0       0x7c build/src/JAR-Template/util.o
                0x0000000003804af0                reduce_0_to_360(float)
 .text._Z26reduce_negative_180_to_180f
                0x0000000003804b6c       0x90 build/src/JAR-Template/util.o
                0x0000000003804b6c                reduce_negative_180_to_180(float)
 .text._Z24reduce_negative_90_to_90f
                0x0000000003804bfc       0x90 build/src/JAR-Template/util.o
                0x0000000003804bfc                reduce_negative_90_to_90(float)
 *fill*         0x0000000003804c8c        0x4 
 .text._Z6to_radf
                0x0000000003804c90       0x28 build/src/JAR-Template/util.o
                0x0000000003804c90                to_rad(float)
 .text._Z6to_degf
                0x0000000003804cb8       0x28 build/src/JAR-Template/util.o
                0x0000000003804cb8                to_deg(float)
 .text._Z5clampfff
                0x0000000003804ce0       0x2c build/src/JAR-Template/util.o
                0x0000000003804ce0                clamp(float, float, float)
 .text._Z11is_reversedd
                0x0000000003804d0c       0x18 build/src/JAR-Template/util.o
                0x0000000003804d0c                is_reversed(double)
 *fill*         0x0000000003804d24        0x4 
 .text._Z7to_voltf
                0x0000000003804d28       0x30 build/src/JAR-Template/util.o
                0x0000000003804d28                to_volt(float)
 .text._Z7to_porti
                0x0000000003804d58       0x10 build/src/JAR-Template/util.o
                0x0000000003804d58                to_port(int)
 .text._Z8deadbandff
                0x0000000003804d68       0x28 build/src/JAR-Template/util.o
                0x0000000003804d68                deadband(float, float)
 .text._Z15is_line_settledfffff
                0x0000000003804d90       0xa8 build/src/JAR-Template/util.o
                0x0000000003804d90                is_line_settled(float, float, float, float, float)
 .text._Z20left_voltage_scalingff
                0x0000000003804e38       0x48 build/src/JAR-Template/util.o
                0x0000000003804e38                left_voltage_scaling(float, float)
 .text._Z21right_voltage_scalingff
                0x0000000003804e80       0x48 build/src/JAR-Template/util.o
                0x0000000003804e80                right_voltage_scaling(float, float)
 .text._Z17clamp_min_voltageff
                0x0000000003804ec8       0x4c build/src/JAR-Template/util.o
                0x0000000003804ec8                clamp_min_voltage(float, float)
 .text.vexMain  0x0000000003804f14       0xb0 /Users/sushant/Library/Application Support/Cursor/User/globalStorage/vexrobotics.vexcode/sdk/cpp/V5/V5_20240802_15_00_00/vexv5/libv5rt.a(v5_startup.c.obj)
                0x0000000003804f14                vexMain
 .text.__vex_function_prolog
                0x0000000003804fc4       0x18 /Users/sushant/Library/Application Support/Cursor/User/globalStorage/vexrobotics.vexcode/sdk/cpp/V5/V5_20240802_15_00_00/vexv5/libv5rt.a(v5_startup.c.obj)
                0x0000000003804fc4                __vex_function_prolog
 .text._init    0x0000000003804fdc        0x4 /Users/sushant/Library/Application Support/Cursor/User/globalStorage/vexrobotics.vexcode/sdk/cpp/V5/V5_20240802_15_00_00/vexv5/libv5rt.a(v5_startup.c.obj)
                0x0000000003804fdc                _init
 .text._fini    0x0000000003804fe0        0x4 /Users/sushant/Library/Application Support/Cursor/User/globalStorage/vexrobotics.vexcode/sdk/cpp/V5/V5_20240802_15_00_00/vexv5/libv5rt.a(v5_startup.c.obj)
                0x0000000003804fe0                _fini
 .text.vexStdlibVersionLinked
                0x0000000003804fe4        0xc /Users/sushant/Library/Application Support/Cursor/User/globalStorage/vexrobotics.vexcode/sdk/cpp/V5/V5_20240802_15_00_00/vexv5/libv5rt.a(v5_util.c.obj)
                0x0000000003804fe4                vexStdlibVersionLinked
 .text.vexStdlibVersionVerify
                0x0000000003804ff0       0x30 /Users/sushant/Library/Application Support/Cursor/User/globalStorage/vexrobotics.vexcode/sdk/cpp/V5/V5_20240802_15_00_00/vexv5/libv5rt.a(v5_util.c.obj)
                0x0000000003804ff0                vexStdlibVersionVerify
 .text.vexPrivateApiEnable
                0x0000000003805020       0x10 /Users/sushant/Library/Application Support/Cursor/User/globalStorage/vexrobotics.vexcode/sdk/cpp/V5/V5_20240802_15_00_00/vexv5/libv5rt.a(v5_apijump.c.obj)
                0x0000000003805020                vexPrivateApiEnable
 .text.vexStdlibMismatchError
                0x0000000003805030       0x3c /Users/sushant/Library/Application Support/Cursor/User/globalStorage/vexrobotics.vexcode/sdk/cpp/V5/V5_20240802_15_00_00/vexv5/libv5rt.a(v5_apijump.c.obj)
                0x0000000003805030                vexStdlibMismatchError
 .text.vexTaskAdd
                0x000000000380506c       0x10 /Users/sushant/Library/Application Support/Cursor/User/globalStorage/vexrobotics.vexcode/sdk/cpp/V5/V5_20240802_15_00_00/vexv5/libv5rt.a(v5_apijump.c.obj)
                0x000000000380506c                vexTaskAdd
 .text.vexTasksRun
                0x000000000380507c       0x10 /Users/sushant/Library/Application Support/Cursor/User/globalStorage/vexrobotics.vexcode/sdk/cpp/V5/V5_20240802_15_00_00/vexv5/libv5rt.a(v5_apijump.c.obj)
                0x000000000380507c                vexTasksRun
 .text.vexTaskYield
                0x000000000380508c       0x10 /Users/sushant/Library/Application Support/Cursor/User/globalStorage/vexrobotics.vexcode/sdk/cpp/V5/V5_20240802_15_00_00/vexv5/libv5rt.a(v5_apijump.c.obj)
                0x000000000380508c                vexTaskYield
 .text.vexTaskCheckTimeslice
                0x000000000380509c       0x10 /Users/sushant/Library/Application Support/Cursor/User/globalStorage/vexrobotics.vexcode/sdk/cpp/V5/V5_20240802_15_00_00/vexv5/libv5rt.a(v5_apijump.c.obj)
                0x000000000380509c                vexTaskCheckTimeslice
 .text.vexTaskGetIndex
                0x00000000038050ac       0x10 /Users/sushant/Library/Application Support/Cursor/User/globalStorage/vexrobotics.vexcode/sdk/cpp/V5/V5_20240802_15_00_00/vexv5/libv5rt.a(v5_apijump.c.obj)
                0x00000000038050ac                vexTaskGetIndex
 .text.vexTaskSleep
                0x00000000038050bc       0x10 /Users/sushant/Library/Application Support/Cursor/User/globalStorage/vexrobotics.vexcode/sdk/cpp/V5/V5_20240802_15_00_00/vexv5/libv5rt.a(v5_apijump.c.obj)
                0x00000000038050bc                vexTaskSleep
 .text.vexTasksDump
                0x00000000038050cc       0x1c /Users/sushant/Library/Application Support/Cursor/User/globalStorage/vexrobotics.vexcode/sdk/cpp/V5/V5_20240802_15_00_00/vexv5/libv5rt.a(v5_apijump.c.obj)
                0x00000000038050cc                vexTasksDump
 .text.vexTaskGetTaskIndex
                0x00000000038050e8       0x10 /Users/sushant/Library/Application Support/Cursor/User/globalStorage/vexrobotics.vexcode/sdk/cpp/V5/V5_20240802_15_00_00/vexv5/libv5rt.a(v5_apijump.c.obj)
                0x00000000038050e8                vexTaskGetTaskIndex
 .text.vexTaskStopAll
                0x00000000038050f8       0x10 /Users/sushant/Library/Application Support/Cursor/User/globalStorage/vexrobotics.vexcode/sdk/cpp/V5/V5_20240802_15_00_00/vexv5/libv5rt.a(v5_apijump.c.obj)
                0x00000000038050f8                vexTaskStopAll
 .text.vexTaskRemoveAllUser
                0x0000000003805108       0x34 /Users/sushant/Library/Application Support/Cursor/User/globalStorage/vexrobotics.vexcode/sdk/cpp/V5/V5_20240802_15_00_00/vexv5/libv5rt.a(v5_apijump.c.obj)
                0x0000000003805108                vexTaskRemoveAllUser
 .text.vexTaskCompletionIdSet
                0x000000000380513c       0x10 /Users/sushant/Library/Application Support/Cursor/User/globalStorage/vexrobotics.vexcode/sdk/cpp/V5/V5_20240802_15_00_00/vexv5/libv5rt.a(v5_apijump.c.obj)
                0x000000000380513c                vexTaskCompletionIdSet
 .text.vexTaskStopWithId
                0x000000000380514c       0x10 /Users/sushant/Library/Application Support/Cursor/User/globalStorage/vexrobotics.vexcode/sdk/cpp/V5/V5_20240802_15_00_00/vexv5/libv5rt.a(v5_apijump.c.obj)
                0x000000000380514c                vexTaskStopWithId
 .text.vexTaskGetCallbackAndId
                0x000000000380515c       0x54 /Users/sushant/Library/Application Support/Cursor/User/globalStorage/vexrobotics.vexcode/sdk/cpp/V5/V5_20240802_15_00_00/vexv5/libv5rt.a(v5_apijump.c.obj)
                0x000000000380515c                vexTaskGetCallbackAndId
 .text.vexCriticalSection
                0x00000000038051b0       0x2c /Users/sushant/Library/Application Support/Cursor/User/globalStorage/vexrobotics.vexcode/sdk/cpp/V5/V5_20240802_15_00_00/vexv5/libv5rt.a(v5_apijump.c.obj)
                0x00000000038051b0                vexCriticalSection
 .text.vexEventAdd
                0x00000000038051dc       0x34 /Users/sushant/Library/Application Support/Cursor/User/globalStorage/vexrobotics.vexcode/sdk/cpp/V5/V5_20240802_15_00_00/vexv5/libv5rt.a(v5_apijump.c.obj)
                0x00000000038051dc                vexEventAdd
 .text.vexEventUserIndexGet
                0x0000000003805210       0x1c /Users/sushant/Library/Application Support/Cursor/User/globalStorage/vexrobotics.vexcode/sdk/cpp/V5/V5_20240802_15_00_00/vexv5/libv5rt.a(v5_apijump.c.obj)
                0x0000000003805210                vexEventUserIndexGet
 .text.vexEventAddWithArg
                0x000000000380522c       0x3c /Users/sushant/Library/Application Support/Cursor/User/globalStorage/vexrobotics.vexcode/sdk/cpp/V5/V5_20240802_15_00_00/vexv5/libv5rt.a(v5_apijump.c.obj)
                0x000000000380522c                vexEventAddWithArg
 .text.vexEventsCleanup
                0x0000000003805268       0x2c /Users/sushant/Library/Application Support/Cursor/User/globalStorage/vexrobotics.vexcode/sdk/cpp/V5/V5_20240802_15_00_00/vexv5/libv5rt.a(v5_apijump.c.obj)
                0x0000000003805268                vexEventsCleanup
 .text.vexDebug
                0x0000000003805294       0x38 /Users/sushant/Library/Application Support/Cursor/User/globalStorage/vexrobotics.vexcode/sdk/cpp/V5/V5_20240802_15_00_00/vexv5/libv5rt.a(v5_apijump.c.obj)
                0x0000000003805294                vexDebug
 .text.vex_sprintf
                0x00000000038052cc       0x40 /Users/sushant/Library/Application Support/Cursor/User/globalStorage/vexrobotics.vexcode/sdk/cpp/V5/V5_20240802_15_00_00/vexv5/libv5rt.a(v5_apijump.c.obj)
                0x00000000038052cc                vex_sprintf
 .text.vex_vsnprintf
                0x000000000380530c       0x3c /Users/sushant/Library/Application Support/Cursor/User/globalStorage/vexrobotics.vexcode/sdk/cpp/V5/V5_20240802_15_00_00/vexv5/libv5rt.a(v5_apijump.c.obj)
                0x000000000380530c                vex_vsnprintf
 .text.vexSystemTimeGet
                0x0000000003805348       0x1c /Users/sushant/Library/Application Support/Cursor/User/globalStorage/vexrobotics.vexcode/sdk/cpp/V5/V5_20240802_15_00_00/vexv5/libv5rt.a(v5_apijump.c.obj)
                0x0000000003805348                vexSystemTimeGet
 .text.vexSystemExitRequest
                0x0000000003805364       0x1c /Users/sushant/Library/Application Support/Cursor/User/globalStorage/vexrobotics.vexcode/sdk/cpp/V5/V5_20240802_15_00_00/vexv5/libv5rt.a(v5_apijump.c.obj)
                0x0000000003805364                vexSystemExitRequest
 .text.vexDeviceGetByIndex
                0x0000000003805380       0x24 /Users/sushant/Library/Application Support/Cursor/User/globalStorage/vexrobotics.vexcode/sdk/cpp/V5/V5_20240802_15_00_00/vexv5/libv5rt.a(v5_apijump.c.obj)
                0x0000000003805380                vexDeviceGetByIndex
 .text.vexControllerGet
                0x00000000038053a4       0x2c /Users/sushant/Library/Application Support/Cursor/User/globalStorage/vexrobotics.vexcode/sdk/cpp/V5/V5_20240802_15_00_00/vexv5/libv5rt.a(v5_apijump.c.obj)
                0x00000000038053a4                vexControllerGet
 .text.vexControllerTextSet
                0x00000000038053d0       0x74 /Users/sushant/Library/Application Support/Cursor/User/globalStorage/vexrobotics.vexcode/sdk/cpp/V5/V5_20240802_15_00_00/vexv5/libv5rt.a(v5_apijump.c.obj)
                0x00000000038053d0                vexControllerTextSet
 .text.vexDeviceAdiPortConfigSet
                0x0000000003805444       0x34 /Users/sushant/Library/Application Support/Cursor/User/globalStorage/vexrobotics.vexcode/sdk/cpp/V5/V5_20240802_15_00_00/vexv5/libv5rt.a(v5_apijump.c.obj)
                0x0000000003805444                vexDeviceAdiPortConfigSet
 .text.vexDeviceAdiPortConfigGet
                0x0000000003805478       0x2c /Users/sushant/Library/Application Support/Cursor/User/globalStorage/vexrobotics.vexcode/sdk/cpp/V5/V5_20240802_15_00_00/vexv5/libv5rt.a(v5_apijump.c.obj)
                0x0000000003805478                vexDeviceAdiPortConfigGet
 .text.vexDeviceAdiValueSet
                0x00000000038054a4       0x34 /Users/sushant/Library/Application Support/Cursor/User/globalStorage/vexrobotics.vexcode/sdk/cpp/V5/V5_20240802_15_00_00/vexv5/libv5rt.a(v5_apijump.c.obj)
                0x00000000038054a4                vexDeviceAdiValueSet
 .text.vexDeviceAdiValueGet
                0x00000000038054d8       0x2c /Users/sushant/Library/Application Support/Cursor/User/globalStorage/vexrobotics.vexcode/sdk/cpp/V5/V5_20240802_15_00_00/vexv5/libv5rt.a(v5_apijump.c.obj)
                0x00000000038054d8                vexDeviceAdiValueGet
 .text.vexDeviceMotorVelocitySet
                0x0000000003805504       0x2c /Users/sushant/Library/Application Support/Cursor/User/globalStorage/vexrobotics.vexcode/sdk/cpp/V5/V5_20240802_15_00_00/vexv5/libv5rt.a(v5_apijump.c.obj)
                0x0000000003805504                vexDeviceMotorVelocitySet
 .text.vexDeviceMotorVoltageSet
                0x0000000003805530       0x2c /Users/sushant/Library/Application Support/Cursor/User/globalStorage/vexrobotics.vexcode/sdk/cpp/V5/V5_20240802_15_00_00/vexv5/libv5rt.a(v5_apijump.c.obj)
                0x0000000003805530                vexDeviceMotorVoltageSet
 .text.vexDeviceMotorVelocityGet
                0x000000000380555c       0x24 /Users/sushant/Library/Application Support/Cursor/User/globalStorage/vexrobotics.vexcode/sdk/cpp/V5/V5_20240802_15_00_00/vexv5/libv5rt.a(v5_apijump.c.obj)
                0x000000000380555c                vexDeviceMotorVelocityGet
 .text.vexDeviceMotorActualVelocityGet
                0x0000000003805580       0x24 /Users/sushant/Library/Application Support/Cursor/User/globalStorage/vexrobotics.vexcode/sdk/cpp/V5/V5_20240802_15_00_00/vexv5/libv5rt.a(v5_apijump.c.obj)
                0x0000000003805580                vexDeviceMotorActualVelocityGet
 .text.vexDeviceMotorModeGet
                0x00000000038055a4       0x24 /Users/sushant/Library/Application Support/Cursor/User/globalStorage/vexrobotics.vexcode/sdk/cpp/V5/V5_20240802_15_00_00/vexv5/libv5rt.a(v5_apijump.c.obj)
                0x00000000038055a4                vexDeviceMotorModeGet
 .text.vexDeviceMotorZeroPositionFlagGet
                0x00000000038055c8       0x24 /Users/sushant/Library/Application Support/Cursor/User/globalStorage/vexrobotics.vexcode/sdk/cpp/V5/V5_20240802_15_00_00/vexv5/libv5rt.a(v5_apijump.c.obj)
                0x00000000038055c8                vexDeviceMotorZeroPositionFlagGet
 .text.vexDeviceMotorReverseFlagSet
                0x00000000038055ec       0x2c /Users/sushant/Library/Application Support/Cursor/User/globalStorage/vexrobotics.vexcode/sdk/cpp/V5/V5_20240802_15_00_00/vexv5/libv5rt.a(v5_apijump.c.obj)
                0x00000000038055ec                vexDeviceMotorReverseFlagSet
 .text.vexDeviceMotorEncoderUnitsSet
                0x0000000003805618       0x2c /Users/sushant/Library/Application Support/Cursor/User/globalStorage/vexrobotics.vexcode/sdk/cpp/V5/V5_20240802_15_00_00/vexv5/libv5rt.a(v5_apijump.c.obj)
                0x0000000003805618                vexDeviceMotorEncoderUnitsSet
 .text.vexDeviceMotorBrakeModeSet
                0x0000000003805644       0x2c /Users/sushant/Library/Application Support/Cursor/User/globalStorage/vexrobotics.vexcode/sdk/cpp/V5/V5_20240802_15_00_00/vexv5/libv5rt.a(v5_apijump.c.obj)
                0x0000000003805644                vexDeviceMotorBrakeModeSet
 .text.vexDeviceMotorPositionSet
                0x0000000003805670       0x34 /Users/sushant/Library/Application Support/Cursor/User/globalStorage/vexrobotics.vexcode/sdk/cpp/V5/V5_20240802_15_00_00/vexv5/libv5rt.a(v5_apijump.c.obj)
                0x0000000003805670                vexDeviceMotorPositionSet
 .text.vexDeviceMotorPositionGet
                0x00000000038056a4       0x24 /Users/sushant/Library/Application Support/Cursor/User/globalStorage/vexrobotics.vexcode/sdk/cpp/V5/V5_20240802_15_00_00/vexv5/libv5rt.a(v5_apijump.c.obj)
                0x00000000038056a4                vexDeviceMotorPositionGet
 .text.vexDeviceMotorRelativeTargetSet
                0x00000000038056c8       0x3c /Users/sushant/Library/Application Support/Cursor/User/globalStorage/vexrobotics.vexcode/sdk/cpp/V5/V5_20240802_15_00_00/vexv5/libv5rt.a(v5_apijump.c.obj)
                0x00000000038056c8                vexDeviceMotorRelativeTargetSet
 .text.vexDeviceMotorGearingSet
                0x0000000003805704       0x2c /Users/sushant/Library/Application Support/Cursor/User/globalStorage/vexrobotics.vexcode/sdk/cpp/V5/V5_20240802_15_00_00/vexv5/libv5rt.a(v5_apijump.c.obj)
                0x0000000003805704                vexDeviceMotorGearingSet
 .text.vexDeviceMotorGearingGet
                0x0000000003805730       0x24 /Users/sushant/Library/Application Support/Cursor/User/globalStorage/vexrobotics.vexcode/sdk/cpp/V5/V5_20240802_15_00_00/vexv5/libv5rt.a(v5_apijump.c.obj)
                0x0000000003805730                vexDeviceMotorGearingGet
 .text.vexDeviceImuReset
                0x0000000003805754       0x24 /Users/sushant/Library/Application Support/Cursor/User/globalStorage/vexrobotics.vexcode/sdk/cpp/V5/V5_20240802_15_00_00/vexv5/libv5rt.a(v5_apijump.c.obj)
                0x0000000003805754                vexDeviceImuReset
 .text.vexDeviceImuHeadingGet
                0x0000000003805778       0x24 /Users/sushant/Library/Application Support/Cursor/User/globalStorage/vexrobotics.vexcode/sdk/cpp/V5/V5_20240802_15_00_00/vexv5/libv5rt.a(v5_apijump.c.obj)
                0x0000000003805778                vexDeviceImuHeadingGet
 .text.vexDeviceImuDegreesGet
                0x000000000380579c       0x24 /Users/sushant/Library/Application Support/Cursor/User/globalStorage/vexrobotics.vexcode/sdk/cpp/V5/V5_20240802_15_00_00/vexv5/libv5rt.a(v5_apijump.c.obj)
                0x000000000380579c                vexDeviceImuDegreesGet
 .text.vexDeviceImuStatusGet
                0x00000000038057c0       0x24 /Users/sushant/Library/Application Support/Cursor/User/globalStorage/vexrobotics.vexcode/sdk/cpp/V5/V5_20240802_15_00_00/vexv5/libv5rt.a(v5_apijump.c.obj)
                0x00000000038057c0                vexDeviceImuStatusGet
 .text.vexDeviceAbsEncPositionSet
                0x00000000038057e4       0x2c /Users/sushant/Library/Application Support/Cursor/User/globalStorage/vexrobotics.vexcode/sdk/cpp/V5/V5_20240802_15_00_00/vexv5/libv5rt.a(v5_apijump.c.obj)
                0x00000000038057e4                vexDeviceAbsEncPositionSet
 .text.vexDeviceAbsEncPositionGet
                0x0000000003805810       0x24 /Users/sushant/Library/Application Support/Cursor/User/globalStorage/vexrobotics.vexcode/sdk/cpp/V5/V5_20240802_15_00_00/vexv5/libv5rt.a(v5_apijump.c.obj)
                0x0000000003805810                vexDeviceAbsEncPositionGet
 .text.vexDeviceAbsEncAngleGet
                0x0000000003805834       0x24 /Users/sushant/Library/Application Support/Cursor/User/globalStorage/vexrobotics.vexcode/sdk/cpp/V5/V5_20240802_15_00_00/vexv5/libv5rt.a(v5_apijump.c.obj)
                0x0000000003805834                vexDeviceAbsEncAngleGet
 .text.vexDeviceAbsEncReverseFlagSet
                0x0000000003805858       0x2c /Users/sushant/Library/Application Support/Cursor/User/globalStorage/vexrobotics.vexcode/sdk/cpp/V5/V5_20240802_15_00_00/vexv5/libv5rt.a(v5_apijump.c.obj)
                0x0000000003805858                vexDeviceAbsEncReverseFlagSet
 .text.vexDeviceDistanceDistanceGet
                0x0000000003805884       0x24 /Users/sushant/Library/Application Support/Cursor/User/globalStorage/vexrobotics.vexcode/sdk/cpp/V5/V5_20240802_15_00_00/vexv5/libv5rt.a(v5_apijump.c.obj)
                0x0000000003805884                vexDeviceDistanceDistanceGet
 .text.vexDisplayForegroundColor
                0x00000000038058a8       0x24 /Users/sushant/Library/Application Support/Cursor/User/globalStorage/vexrobotics.vexcode/sdk/cpp/V5/V5_20240802_15_00_00/vexv5/libv5rt.a(v5_apijump.c.obj)
                0x00000000038058a8                vexDisplayForegroundColor
 .text.vexDisplayBackgroundColor
                0x00000000038058cc       0x24 /Users/sushant/Library/Application Support/Cursor/User/globalStorage/vexrobotics.vexcode/sdk/cpp/V5/V5_20240802_15_00_00/vexv5/libv5rt.a(v5_apijump.c.obj)
                0x00000000038058cc                vexDisplayBackgroundColor
 .text.vexDisplayBackgroundColorGet
                0x00000000038058f0       0x1c /Users/sushant/Library/Application Support/Cursor/User/globalStorage/vexrobotics.vexcode/sdk/cpp/V5/V5_20240802_15_00_00/vexv5/libv5rt.a(v5_apijump.c.obj)
                0x00000000038058f0                vexDisplayBackgroundColorGet
 .text.vexDisplayRectClear
                0x000000000380590c       0x4c /Users/sushant/Library/Application Support/Cursor/User/globalStorage/vexrobotics.vexcode/sdk/cpp/V5/V5_20240802_15_00_00/vexv5/libv5rt.a(v5_apijump.c.obj)
                0x000000000380590c                vexDisplayRectClear
 .text.vexDisplayVPrintf
                0x0000000003805958       0x50 /Users/sushant/Library/Application Support/Cursor/User/globalStorage/vexrobotics.vexcode/sdk/cpp/V5/V5_20240802_15_00_00/vexv5/libv5rt.a(v5_apijump.c.obj)
                0x0000000003805958                vexDisplayVPrintf
 .text.vexDisplayTextReference
                0x00000000038059a8       0x24 /Users/sushant/Library/Application Support/Cursor/User/globalStorage/vexrobotics.vexcode/sdk/cpp/V5/V5_20240802_15_00_00/vexv5/libv5rt.a(v5_apijump.c.obj)
                0x00000000038059a8                vexDisplayTextReference
 .text.vexDisplayTextSize
                0x00000000038059cc       0x2c /Users/sushant/Library/Application Support/Cursor/User/globalStorage/vexrobotics.vexcode/sdk/cpp/V5/V5_20240802_15_00_00/vexv5/libv5rt.a(v5_apijump.c.obj)
                0x00000000038059cc                vexDisplayTextSize
 .text.vexDisplayFontNamedSet
                0x00000000038059f8       0x24 /Users/sushant/Library/Application Support/Cursor/User/globalStorage/vexrobotics.vexcode/sdk/cpp/V5/V5_20240802_15_00_00/vexv5/libv5rt.a(v5_apijump.c.obj)
                0x00000000038059f8                vexDisplayFontNamedSet
 .text.vexSystemStdlibImpureDataAddr
                0x0000000003805a1c       0x28 /Users/sushant/Library/Application Support/Cursor/User/globalStorage/vexrobotics.vexcode/sdk/cpp/V5/V5_20240802_15_00_00/vexv5/libv5rt.a(v5_apijump.c.obj)
                0x0000000003805a1c                vexSystemStdlibImpureDataAddr
 .text.vexSystemStdlibImpureDataSize
                0x0000000003805a44       0x28 /Users/sushant/Library/Application Support/Cursor/User/globalStorage/vexrobotics.vexcode/sdk/cpp/V5/V5_20240802_15_00_00/vexv5/libv5rt.a(v5_apijump.c.obj)
                0x0000000003805a44                vexSystemStdlibImpureDataSize
 .text.vexSystemSaveUserData
                0x0000000003805a6c       0x3c /Users/sushant/Library/Application Support/Cursor/User/globalStorage/vexrobotics.vexcode/sdk/cpp/V5/V5_20240802_15_00_00/vexv5/libv5rt.a(v5_apijump.c.obj)
                0x0000000003805a6c                vexSystemSaveUserData
 .text.vexTouchDataGet
                0x0000000003805aa8       0x10 /Users/sushant/Library/Application Support/Cursor/User/globalStorage/vexrobotics.vexcode/sdk/cpp/V5/V5_20240802_15_00_00/vexv5/libv5rt.a(v5_apijump.c.obj)
                0x0000000003805aa8                vexTouchDataGet
 .text.vexDisplayThemeIdGet
                0x0000000003805ab8       0x38 /Users/sushant/Library/Application Support/Cursor/User/globalStorage/vexrobotics.vexcode/sdk/cpp/V5/V5_20240802_15_00_00/vexv5/libv5rt.a(v5_apijump.c.obj)
                0x0000000003805ab8                vexDisplayThemeIdGet
 .text.vexBatteryCapacityGet
                0x0000000003805af0       0x1c /Users/sushant/Library/Application Support/Cursor/User/globalStorage/vexrobotics.vexcode/sdk/cpp/V5/V5_20240802_15_00_00/vexv5/libv5rt.a(v5_apijump.c.obj)
                0x0000000003805af0                vexBatteryCapacityGet
 .text.vexDeviceEventMaskSet
                0x0000000003805b0c       0x48 /Users/sushant/Library/Application Support/Cursor/User/globalStorage/vexrobotics.vexcode/sdk/cpp/V5/V5_20240802_15_00_00/vexv5/libv5rt.a(v5_apijump.c.obj)
                0x0000000003805b0c                vexDeviceEventMaskSet
 .text.vexDeviceEventMaskGet
                0x0000000003805b54       0x3c /Users/sushant/Library/Application Support/Cursor/User/globalStorage/vexrobotics.vexcode/sdk/cpp/V5/V5_20240802_15_00_00/vexv5/libv5rt.a(v5_apijump.c.obj)
                0x0000000003805b54                vexDeviceEventMaskGet
 .text.vexSystemVersion
                0x0000000003805b90       0x10 /Users/sushant/Library/Application Support/Cursor/User/globalStorage/vexrobotics.vexcode/sdk/cpp/V5/V5_20240802_15_00_00/vexv5/libv5rt.a(v5_apiversions.c.obj)
                0x0000000003805b90                vexSystemVersion
 .text.vexStdlibVersion
                0x0000000003805ba0       0x10 /Users/sushant/Library/Application Support/Cursor/User/globalStorage/vexrobotics.vexcode/sdk/cpp/V5/V5_20240802_15_00_00/vexv5/libv5rt.a(v5_apiversions.c.obj)
                0x0000000003805ba0                vexStdlibVersion
 .text._ZN3vex4waitEdNS_9timeUnitsE
                0x0000000003805bb0       0x30 /Users/sushant/Library/Application Support/Cursor/User/globalStorage/vexrobotics.vexcode/sdk/cpp/V5/V5_20240802_15_00_00/vexv5/libv5rt.a(vex_global.cpp.obj)
                0x0000000003805bb0                vex::wait(double, vex::timeUnits)
 .text._ZN3vex5motorD2Ev
                0x0000000003805be0       0x20 /Users/sushant/Library/Application Support/Cursor/User/globalStorage/vexrobotics.vexcode/sdk/cpp/V5/V5_20240802_15_00_00/vexv5/libv5rt.a(vex_motor.cpp.obj)
                0x0000000003805be0                vex::motor::~motor()
                0x0000000003805be0                vex::motor::~motor()
 .text._ZN3vex5motorD0Ev
                0x0000000003805c00       0x1c /Users/sushant/Library/Application Support/Cursor/User/globalStorage/vexrobotics.vexcode/sdk/cpp/V5/V5_20240802_15_00_00/vexv5/libv5rt.a(vex_motor.cpp.obj)
                0x0000000003805c00                vex::motor::~motor()
 .text._ZN3vex5motor9installedEv
                0x0000000003805c1c       0x18 /Users/sushant/Library/Application Support/Cursor/User/globalStorage/vexrobotics.vexcode/sdk/cpp/V5/V5_20240802_15_00_00/vexv5/libv5rt.a(vex_motor.cpp.obj)
                0x0000000003805c1c                vex::motor::installed()
 .text._ZN3vex5motor15defaultStoppingENS_9brakeTypeE
                0x0000000003805c34       0x30 /Users/sushant/Library/Application Support/Cursor/User/globalStorage/vexrobotics.vexcode/sdk/cpp/V5/V5_20240802_15_00_00/vexv5/libv5rt.a(vex_motor.cpp.obj)
                0x0000000003805c34                vex::motor::defaultStopping(vex::brakeType)
 .text._ZN3vex5motor11setStoppingENS_9brakeTypeE
                0x0000000003805c64        0x4 /Users/sushant/Library/Application Support/Cursor/User/globalStorage/vexrobotics.vexcode/sdk/cpp/V5/V5_20240802_15_00_00/vexv5/libv5rt.a(vex_motor.cpp.obj)
                0x0000000003805c64                vex::motor::setStopping(vex::brakeType)
 .text._ZN3vex5motorC2El
                0x0000000003805c68       0x78 /Users/sushant/Library/Application Support/Cursor/User/globalStorage/vexrobotics.vexcode/sdk/cpp/V5/V5_20240802_15_00_00/vexv5/libv5rt.a(vex_motor.cpp.obj)
                0x0000000003805c68                vex::motor::motor(long)
                0x0000000003805c68                vex::motor::motor(long)
 .text._ZN3vex5motorC2ElNS_11gearSettingEb
                0x0000000003805ce0       0x34 /Users/sushant/Library/Application Support/Cursor/User/globalStorage/vexrobotics.vexcode/sdk/cpp/V5/V5_20240802_15_00_00/vexv5/libv5rt.a(vex_motor.cpp.obj)
                0x0000000003805ce0                vex::motor::motor(long, vex::gearSetting, bool)
                0x0000000003805ce0                vex::motor::motor(long, vex::gearSetting, bool)
 .text._ZN3vex5motorC2Elb
                0x0000000003805d14       0x24 /Users/sushant/Library/Application Support/Cursor/User/globalStorage/vexrobotics.vexcode/sdk/cpp/V5/V5_20240802_15_00_00/vexv5/libv5rt.a(vex_motor.cpp.obj)
                0x0000000003805d14                vex::motor::motor(long, bool)
                0x0000000003805d14                vex::motor::motor(long, bool)
 .text._ZN3vex5motor4spinENS_13directionTypeEdNS_12voltageUnitsE
                0x0000000003805d38       0x50 /Users/sushant/Library/Application Support/Cursor/User/globalStorage/vexrobotics.vexcode/sdk/cpp/V5/V5_20240802_15_00_00/vexv5/libv5rt.a(vex_motor.cpp.obj)
                0x0000000003805d38                vex::motor::spin(vex::directionType, double, vex::voltageUnits)
 .text._ZN3vex5motor14isSpinningModeEv
                0x0000000003805d88       0x48 /Users/sushant/Library/Application Support/Cursor/User/globalStorage/vexrobotics.vexcode/sdk/cpp/V5/V5_20240802_15_00_00/vexv5/libv5rt.a(vex_motor.cpp.obj)
                0x0000000003805d88                vex::motor::isSpinningMode()
 .text._ZN3vex5motor4stopENS_9brakeTypeE
                0x0000000003805dd0       0x30 /Users/sushant/Library/Application Support/Cursor/User/globalStorage/vexrobotics.vexcode/sdk/cpp/V5/V5_20240802_15_00_00/vexv5/libv5rt.a(vex_motor.cpp.obj)
                0x0000000003805dd0                vex::motor::stop(vex::brakeType)
 .text._ZN3vex5motor4stopEv
                0x0000000003805e00        0x8 /Users/sushant/Library/Application Support/Cursor/User/globalStorage/vexrobotics.vexcode/sdk/cpp/V5/V5_20240802_15_00_00/vexv5/libv5rt.a(vex_motor.cpp.obj)
                0x0000000003805e00                vex::motor::stop()
 .text._ZN3vex5motor16velocityToScaledEdNS_13velocityUnitsE
                0x0000000003805e08       0x5c /Users/sushant/Library/Application Support/Cursor/User/globalStorage/vexrobotics.vexcode/sdk/cpp/V5/V5_20240802_15_00_00/vexv5/libv5rt.a(vex_motor.cpp.obj)
                0x0000000003805e08                vex::motor::velocityToScaled(double, vex::velocityUnits)
 .text._ZN3vex5motor8velocityENS_13velocityUnitsE
                0x0000000003805e64       0x30 /Users/sushant/Library/Application Support/Cursor/User/globalStorage/vexrobotics.vexcode/sdk/cpp/V5/V5_20240802_15_00_00/vexv5/libv5rt.a(vex_motor.cpp.obj)
                0x0000000003805e64                vex::motor::velocity(vex::velocityUnits)
 .text._ZN3vex5motor5valueEv
                0x0000000003805e94       0x1c /Users/sushant/Library/Application Support/Cursor/User/globalStorage/vexrobotics.vexcode/sdk/cpp/V5/V5_20240802_15_00_00/vexv5/libv5rt.a(vex_motor.cpp.obj)
                0x0000000003805e94                vex::motor::value()
 .text._ZN3vex5motor16scaledToVelocityEdNS_13velocityUnitsE
                0x0000000003805eb0       0xa4 /Users/sushant/Library/Application Support/Cursor/User/globalStorage/vexrobotics.vexcode/sdk/cpp/V5/V5_20240802_15_00_00/vexv5/libv5rt.a(vex_motor.cpp.obj)
                0x0000000003805eb0                vex::motor::scaledToVelocity(double, vex::velocityUnits)
 .text._ZN3vex5motor4spinENS_13directionTypeEdNS_13velocityUnitsE
                0x0000000003805f54       0x5c /Users/sushant/Library/Application Support/Cursor/User/globalStorage/vexrobotics.vexcode/sdk/cpp/V5/V5_20240802_15_00_00/vexv5/libv5rt.a(vex_motor.cpp.obj)
                0x0000000003805f54                vex::motor::spin(vex::directionType, double, vex::velocityUnits)
 .text._ZN3vex5motor11setVelocityEdNS_13velocityUnitsE
                0x0000000003805fb0       0x54 /Users/sushant/Library/Application Support/Cursor/User/globalStorage/vexrobotics.vexcode/sdk/cpp/V5/V5_20240802_15_00_00/vexv5/libv5rt.a(vex_motor.cpp.obj)
                0x0000000003805fb0                vex::motor::setVelocity(double, vex::velocityUnits)
 .text._ZN3vex5motor16setRotationUnitsENS_13rotationUnitsE
                0x0000000003806004       0x1c /Users/sushant/Library/Application Support/Cursor/User/globalStorage/vexrobotics.vexcode/sdk/cpp/V5/V5_20240802_15_00_00/vexv5/libv5rt.a(vex_motor.cpp.obj)
                0x0000000003806004                vex::motor::setRotationUnits(vex::rotationUnits)
 .text._ZN3vex5motor11setPositionEdNS_13rotationUnitsE
                0x0000000003806020       0x44 /Users/sushant/Library/Application Support/Cursor/User/globalStorage/vexrobotics.vexcode/sdk/cpp/V5/V5_20240802_15_00_00/vexv5/libv5rt.a(vex_motor.cpp.obj)
                0x0000000003806020                vex::motor::setPosition(double, vex::rotationUnits)
 .text._ZN3vex5motor13resetPositionEv
                0x0000000003806064       0x20 /Users/sushant/Library/Application Support/Cursor/User/globalStorage/vexrobotics.vexcode/sdk/cpp/V5/V5_20240802_15_00_00/vexv5/libv5rt.a(vex_motor.cpp.obj)
                0x0000000003806064                vex::motor::resetPosition()
 .text._ZN3vex5motor7spinForEdNS_13rotationUnitsEdNS_13velocityUnitsEb
                0x0000000003806084       0xf4 /Users/sushant/Library/Application Support/Cursor/User/globalStorage/vexrobotics.vexcode/sdk/cpp/V5/V5_20240802_15_00_00/vexv5/libv5rt.a(vex_motor.cpp.obj)
                0x0000000003806084                vex::motor::spinFor(double, vex::rotationUnits, double, vex::velocityUnits, bool)
 .text._ZN3vex5motor7spinForENS_13directionTypeEdNS_13rotationUnitsEb
                0x0000000003806178       0x3c /Users/sushant/Library/Application Support/Cursor/User/globalStorage/vexrobotics.vexcode/sdk/cpp/V5/V5_20240802_15_00_00/vexv5/libv5rt.a(vex_motor.cpp.obj)
                0x0000000003806178                vex::motor::spinFor(vex::directionType, double, vex::rotationUnits, bool)
 .text._ZN3vex5motor8positionENS_13rotationUnitsE
                0x00000000038061b4       0x44 /Users/sushant/Library/Application Support/Cursor/User/globalStorage/vexrobotics.vexcode/sdk/cpp/V5/V5_20240802_15_00_00/vexv5/libv5rt.a(vex_motor.cpp.obj)
                0x00000000038061b4                vex::motor::position(vex::rotationUnits)
 .text._ZN3vex8inertial11getTurnTypeEv
                0x00000000038061f8        0x8 /Users/sushant/Library/Application Support/Cursor/User/globalStorage/vexrobotics.vexcode/sdk/cpp/V5/V5_20240802_15_00_00/vexv5/libv5rt.a(vex_imu.cpp.obj)
                0x00000000038061f8                vex::inertial::getTurnType()
 .text._ZThn16_N3vex8inertial11getTurnTypeEv
                0x0000000003806200        0x8 /Users/sushant/Library/Application Support/Cursor/User/globalStorage/vexrobotics.vexcode/sdk/cpp/V5/V5_20240802_15_00_00/vexv5/libv5rt.a(vex_imu.cpp.obj)
                0x0000000003806200                non-virtual thunk to vex::inertial::getTurnType()
 .text._ZN3vex8inertial10setHeadingEdNS_13rotationUnitsE
                0x0000000003806208       0x58 /Users/sushant/Library/Application Support/Cursor/User/globalStorage/vexrobotics.vexcode/sdk/cpp/V5/V5_20240802_15_00_00/vexv5/libv5rt.a(vex_imu.cpp.obj)
                0x0000000003806208                vex::inertial::setHeading(double, vex::rotationUnits)
 .text._ZThn16_N3vex8inertial10setHeadingEdNS_13rotationUnitsE
                0x0000000003806260        0x8 /Users/sushant/Library/Application Support/Cursor/User/globalStorage/vexrobotics.vexcode/sdk/cpp/V5/V5_20240802_15_00_00/vexv5/libv5rt.a(vex_imu.cpp.obj)
                0x0000000003806260                non-virtual thunk to vex::inertial::setHeading(double, vex::rotationUnits)
 .text._ZN3vex8inertial11setRotationEdNS_13rotationUnitsE
                0x0000000003806268       0x58 /Users/sushant/Library/Application Support/Cursor/User/globalStorage/vexrobotics.vexcode/sdk/cpp/V5/V5_20240802_15_00_00/vexv5/libv5rt.a(vex_imu.cpp.obj)
                0x0000000003806268                vex::inertial::setRotation(double, vex::rotationUnits)
 .text._ZThn16_N3vex8inertial11setRotationEdNS_13rotationUnitsE
                0x00000000038062c0        0x8 /Users/sushant/Library/Application Support/Cursor/User/globalStorage/vexrobotics.vexcode/sdk/cpp/V5/V5_20240802_15_00_00/vexv5/libv5rt.a(vex_imu.cpp.obj)
                0x00000000038062c0                non-virtual thunk to vex::inertial::setRotation(double, vex::rotationUnits)
 .text._ZN3vex8inertialD2Ev
                0x00000000038062c8       0x20 /Users/sushant/Library/Application Support/Cursor/User/globalStorage/vexrobotics.vexcode/sdk/cpp/V5/V5_20240802_15_00_00/vexv5/libv5rt.a(vex_imu.cpp.obj)
                0x00000000038062c8                vex::inertial::~inertial()
                0x00000000038062c8                vex::inertial::~inertial()
 .text._ZThn16_N3vex8inertialD1Ev
                0x00000000038062e8        0x8 /Users/sushant/Library/Application Support/Cursor/User/globalStorage/vexrobotics.vexcode/sdk/cpp/V5/V5_20240802_15_00_00/vexv5/libv5rt.a(vex_imu.cpp.obj)
                0x00000000038062e8                non-virtual thunk to vex::inertial::~inertial()
 .text._ZN3vex8inertialD0Ev
                0x00000000038062f0       0x1c /Users/sushant/Library/Application Support/Cursor/User/globalStorage/vexrobotics.vexcode/sdk/cpp/V5/V5_20240802_15_00_00/vexv5/libv5rt.a(vex_imu.cpp.obj)
                0x00000000038062f0                vex::inertial::~inertial()
 .text._ZThn16_N3vex8inertialD0Ev
                0x000000000380630c        0x8 /Users/sushant/Library/Application Support/Cursor/User/globalStorage/vexrobotics.vexcode/sdk/cpp/V5/V5_20240802_15_00_00/vexv5/libv5rt.a(vex_imu.cpp.obj)
                0x000000000380630c                non-virtual thunk to vex::inertial::~inertial()
 .text._ZN3vex8inertial9installedEv
                0x0000000003806314       0x18 /Users/sushant/Library/Application Support/Cursor/User/globalStorage/vexrobotics.vexcode/sdk/cpp/V5/V5_20240802_15_00_00/vexv5/libv5rt.a(vex_imu.cpp.obj)
                0x0000000003806314                vex::inertial::installed()
 .text._ZN3vex8inertial5angleENS_13rotationUnitsE
                0x000000000380632c       0x6c /Users/sushant/Library/Application Support/Cursor/User/globalStorage/vexrobotics.vexcode/sdk/cpp/V5/V5_20240802_15_00_00/vexv5/libv5rt.a(vex_imu.cpp.obj)
                0x000000000380632c                vex::inertial::angle(vex::rotationUnits)
 .text._ZThn16_N3vex8inertial5angleENS_13rotationUnitsE
                0x0000000003806398        0x8 /Users/sushant/Library/Application Support/Cursor/User/globalStorage/vexrobotics.vexcode/sdk/cpp/V5/V5_20240802_15_00_00/vexv5/libv5rt.a(vex_imu.cpp.obj)
                0x0000000003806398                non-virtual thunk to vex::inertial::angle(vex::rotationUnits)
 .text._ZN3vex8inertial7headingENS_13rotationUnitsE
                0x00000000038063a0        0x4 /Users/sushant/Library/Application Support/Cursor/User/globalStorage/vexrobotics.vexcode/sdk/cpp/V5/V5_20240802_15_00_00/vexv5/libv5rt.a(vex_imu.cpp.obj)
                0x00000000038063a0                vex::inertial::heading(vex::rotationUnits)
 .text._ZThn16_N3vex8inertial7headingENS_13rotationUnitsE
                0x00000000038063a4        0x8 /Users/sushant/Library/Application Support/Cursor/User/globalStorage/vexrobotics.vexcode/sdk/cpp/V5/V5_20240802_15_00_00/vexv5/libv5rt.a(vex_imu.cpp.obj)
                0x00000000038063a4                non-virtual thunk to vex::inertial::heading(vex::rotationUnits)
 .text._ZN3vex8inertial5valueEv
                0x00000000038063ac       0x1c /Users/sushant/Library/Application Support/Cursor/User/globalStorage/vexrobotics.vexcode/sdk/cpp/V5/V5_20240802_15_00_00/vexv5/libv5rt.a(vex_imu.cpp.obj)
                0x00000000038063ac                vex::inertial::value()
 .text._ZN3vex8inertial8rotationENS_13rotationUnitsE
                0x00000000038063c8       0x48 /Users/sushant/Library/Application Support/Cursor/User/globalStorage/vexrobotics.vexcode/sdk/cpp/V5/V5_20240802_15_00_00/vexv5/libv5rt.a(vex_imu.cpp.obj)
                0x00000000038063c8                vex::inertial::rotation(vex::rotationUnits)
 .text._ZThn16_N3vex8inertial8rotationENS_13rotationUnitsE
                0x0000000003806410        0x8 /Users/sushant/Library/Application Support/Cursor/User/globalStorage/vexrobotics.vexcode/sdk/cpp/V5/V5_20240802_15_00_00/vexv5/libv5rt.a(vex_imu.cpp.obj)
                0x0000000003806410                non-virtual thunk to vex::inertial::rotation(vex::rotationUnits)
 .text._ZN3vex8inertial13isCalibratingEv
                0x0000000003806418       0x38 /Users/sushant/Library/Application Support/Cursor/User/globalStorage/vexrobotics.vexcode/sdk/cpp/V5/V5_20240802_15_00_00/vexv5/libv5rt.a(vex_imu.cpp.obj)
                0x0000000003806418                vex::inertial::isCalibrating()
 .text._ZThn16_N3vex8inertial13isCalibratingEv
                0x0000000003806450        0x8 /Users/sushant/Library/Application Support/Cursor/User/globalStorage/vexrobotics.vexcode/sdk/cpp/V5/V5_20240802_15_00_00/vexv5/libv5rt.a(vex_imu.cpp.obj)
                0x0000000003806450                non-virtual thunk to vex::inertial::isCalibrating()
 .text._ZN3vex8inertialC2ElNS_8turnTypeE
                0x0000000003806458       0x4c /Users/sushant/Library/Application Support/Cursor/User/globalStorage/vexrobotics.vexcode/sdk/cpp/V5/V5_20240802_15_00_00/vexv5/libv5rt.a(vex_imu.cpp.obj)
                0x0000000003806458                vex::inertial::inertial(long, vex::turnType)
                0x0000000003806458                vex::inertial::inertial(long, vex::turnType)
 .text._ZN3vex8inertial16startCalibrationEl
                0x00000000038064a4       0x20 /Users/sushant/Library/Application Support/Cursor/User/globalStorage/vexrobotics.vexcode/sdk/cpp/V5/V5_20240802_15_00_00/vexv5/libv5rt.a(vex_imu.cpp.obj)
                0x00000000038064a4                vex::inertial::startCalibration(long)
 .text._ZN3vex8inertial9calibrateEl
                0x00000000038064c4        0xc /Users/sushant/Library/Application Support/Cursor/User/globalStorage/vexrobotics.vexcode/sdk/cpp/V5/V5_20240802_15_00_00/vexv5/libv5rt.a(vex_imu.cpp.obj)
                0x00000000038064c4                vex::inertial::calibrate(long)
                0x00000000038064c8                non-virtual thunk to vex::inertial::calibrate(long)
 .text._ZN3vex8rotationD2Ev
                0x00000000038064d0       0x20 /Users/sushant/Library/Application Support/Cursor/User/globalStorage/vexrobotics.vexcode/sdk/cpp/V5/V5_20240802_15_00_00/vexv5/libv5rt.a(vex_rotation.cpp.obj)
                0x00000000038064d0                vex::rotation::~rotation()
                0x00000000038064d0                vex::rotation::~rotation()
 .text._ZN3vex8rotationD0Ev
                0x00000000038064f0       0x1c /Users/sushant/Library/Application Support/Cursor/User/globalStorage/vexrobotics.vexcode/sdk/cpp/V5/V5_20240802_15_00_00/vexv5/libv5rt.a(vex_rotation.cpp.obj)
                0x00000000038064f0                vex::rotation::~rotation()
 .text._ZN3vex8rotation9installedEv
                0x000000000380650c       0x18 /Users/sushant/Library/Application Support/Cursor/User/globalStorage/vexrobotics.vexcode/sdk/cpp/V5/V5_20240802_15_00_00/vexv5/libv5rt.a(vex_rotation.cpp.obj)
                0x000000000380650c                vex::rotation::installed()
 .text._ZN3vex8rotation5valueEv
                0x0000000003806524        0x8 /Users/sushant/Library/Application Support/Cursor/User/globalStorage/vexrobotics.vexcode/sdk/cpp/V5/V5_20240802_15_00_00/vexv5/libv5rt.a(vex_rotation.cpp.obj)
                0x0000000003806524                vex::rotation::value()
 .text._ZN3vex8rotationC2Elb
                0x000000000380652c       0x30 /Users/sushant/Library/Application Support/Cursor/User/globalStorage/vexrobotics.vexcode/sdk/cpp/V5/V5_20240802_15_00_00/vexv5/libv5rt.a(vex_rotation.cpp.obj)
                0x000000000380652c                vex::rotation::rotation(long, bool)
                0x000000000380652c                vex::rotation::rotation(long, bool)
 .text._ZN3vex8rotation13resetPositionEv
                0x000000000380655c        0xc /Users/sushant/Library/Application Support/Cursor/User/globalStorage/vexrobotics.vexcode/sdk/cpp/V5/V5_20240802_15_00_00/vexv5/libv5rt.a(vex_rotation.cpp.obj)
                0x000000000380655c                vex::rotation::resetPosition()
 .text._ZN3vex8rotation8positionENS_13rotationUnitsE
                0x0000000003806568       0x50 /Users/sushant/Library/Application Support/Cursor/User/globalStorage/vexrobotics.vexcode/sdk/cpp/V5/V5_20240802_15_00_00/vexv5/libv5rt.a(vex_rotation.cpp.obj)
                0x0000000003806568                vex::rotation::position(vex::rotationUnits)
 .text._ZN3vex8distanceD2Ev
                0x00000000038065b8       0x20 /Users/sushant/Library/Application Support/Cursor/User/globalStorage/vexrobotics.vexcode/sdk/cpp/V5/V5_20240802_15_00_00/vexv5/libv5rt.a(vex_distance.cpp.obj)
                0x00000000038065b8                vex::distance::~distance()
                0x00000000038065b8                vex::distance::~distance()
 .text._ZN3vex8distanceD0Ev
                0x00000000038065d8       0x1c /Users/sushant/Library/Application Support/Cursor/User/globalStorage/vexrobotics.vexcode/sdk/cpp/V5/V5_20240802_15_00_00/vexv5/libv5rt.a(vex_distance.cpp.obj)
                0x00000000038065d8                vex::distance::~distance()
 .text._ZN3vex8distance9installedEv
                0x00000000038065f4       0x18 /Users/sushant/Library/Application Support/Cursor/User/globalStorage/vexrobotics.vexcode/sdk/cpp/V5/V5_20240802_15_00_00/vexv5/libv5rt.a(vex_distance.cpp.obj)
                0x00000000038065f4                vex::distance::installed()
 .text._ZN3vex8distance5valueEv
                0x000000000380660c        0x8 /Users/sushant/Library/Application Support/Cursor/User/globalStorage/vexrobotics.vexcode/sdk/cpp/V5/V5_20240802_15_00_00/vexv5/libv5rt.a(vex_distance.cpp.obj)
                0x000000000380660c                vex::distance::value()
 .text._ZN3vex8distanceC2El
                0x0000000003806614       0x20 /Users/sushant/Library/Application Support/Cursor/User/globalStorage/vexrobotics.vexcode/sdk/cpp/V5/V5_20240802_15_00_00/vexv5/libv5rt.a(vex_distance.cpp.obj)
                0x0000000003806614                vex::distance::distance(long)
                0x0000000003806614                vex::distance::distance(long)
 *fill*         0x0000000003806634        0x4 
 .text._ZN3vex8distance14objectDistanceENS_13distanceUnitsE
                0x0000000003806638       0x48 /Users/sushant/Library/Application Support/Cursor/User/globalStorage/vexrobotics.vexcode/sdk/cpp/V5/V5_20240802_15_00_00/vexv5/libv5rt.a(vex_distance.cpp.obj)
                0x0000000003806638                vex::distance::objectDistance(vex::distanceUnits)
 .text._ZN3vex10controllerD2Ev
                0x0000000003806680        0x4 /Users/sushant/Library/Application Support/Cursor/User/globalStorage/vexrobotics.vexcode/sdk/cpp/V5/V5_20240802_15_00_00/vexv5/libv5rt.a(vex_controller.cpp.obj)
                0x0000000003806680                vex::controller::~controller()
                0x0000000003806680                vex::controller::~controller()
 .text._ZN3vex10controller5valueE19_V5_ControllerIndex
                0x0000000003806684        0x8 /Users/sushant/Library/Application Support/Cursor/User/globalStorage/vexrobotics.vexcode/sdk/cpp/V5/V5_20240802_15_00_00/vexv5/libv5rt.a(vex_controller.cpp.obj)
                0x0000000003806684                vex::controller::value(_V5_ControllerIndex)
 .text._ZN3vex10controller6rumbleEPKc
                0x000000000380668c       0x4c /Users/sushant/Library/Application Support/Cursor/User/globalStorage/vexrobotics.vexcode/sdk/cpp/V5/V5_20240802_15_00_00/vexv5/libv5rt.a(vex_controller.cpp.obj)
                0x000000000380668c                vex::controller::rumble(char const*)
 .text._ZNK3vex10controller6button8pressingEv
                0x00000000038066d8       0xc8 /Users/sushant/Library/Application Support/Cursor/User/globalStorage/vexrobotics.vexcode/sdk/cpp/V5/V5_20240802_15_00_00/vexv5/libv5rt.a(vex_controller.cpp.obj)
                0x00000000038066d8                vex::controller::button::pressing() const
 .text._ZNK3vex10controller6button21_buttonToPressedEventEv
                0x00000000038067a0       0x20 /Users/sushant/Library/Application Support/Cursor/User/globalStorage/vexrobotics.vexcode/sdk/cpp/V5/V5_20240802_15_00_00/vexv5/libv5rt.a(vex_controller.cpp.obj)
                0x00000000038067a0                vex::controller::button::_buttonToPressedEvent() const
 .text._ZNK3vex10controller6button22_buttonToReleasedEventEv
                0x00000000038067c0       0x20 /Users/sushant/Library/Application Support/Cursor/User/globalStorage/vexrobotics.vexcode/sdk/cpp/V5/V5_20240802_15_00_00/vexv5/libv5rt.a(vex_controller.cpp.obj)
                0x00000000038067c0                vex::controller::button::_buttonToReleasedEvent() const
 .text._ZN3vex10controller6buttonC2ENS0_11tButtonTypeEPS0_
                0x00000000038067e0       0x48 /Users/sushant/Library/Application Support/Cursor/User/globalStorage/vexrobotics.vexcode/sdk/cpp/V5/V5_20240802_15_00_00/vexv5/libv5rt.a(vex_controller.cpp.obj)
                0x00000000038067e0                vex::controller::button::button(vex::controller::tButtonType, vex::controller*)
                0x00000000038067e0                vex::controller::button::button(vex::controller::tButtonType, vex::controller*)
 .text._ZNK3vex10controller4axis5valueEv
                0x0000000003806828       0x58 /Users/sushant/Library/Application Support/Cursor/User/globalStorage/vexrobotics.vexcode/sdk/cpp/V5/V5_20240802_15_00_00/vexv5/libv5rt.a(vex_controller.cpp.obj)
                0x0000000003806828                vex::controller::axis::value() const
 .text._ZNK3vex10controller4axis23_joystickToChangedEventEv
                0x0000000003806880       0x20 /Users/sushant/Library/Application Support/Cursor/User/globalStorage/vexrobotics.vexcode/sdk/cpp/V5/V5_20240802_15_00_00/vexv5/libv5rt.a(vex_controller.cpp.obj)
                0x0000000003806880                vex::controller::axis::_joystickToChangedEvent() const
 .text._ZN3vex10controller4axisC2ENS0_9tAxisTypeEPS0_
                0x00000000038068a0       0x2c /Users/sushant/Library/Application Support/Cursor/User/globalStorage/vexrobotics.vexcode/sdk/cpp/V5/V5_20240802_15_00_00/vexv5/libv5rt.a(vex_controller.cpp.obj)
                0x00000000038068a0                vex::controller::axis::axis(vex::controller::tAxisType, vex::controller*)
                0x00000000038068a0                vex::controller::axis::axis(vex::controller::tAxisType, vex::controller*)
 .text._ZN3vex10controllerC2ENS_14controllerTypeE
                0x00000000038068cc      0x16c /Users/sushant/Library/Application Support/Cursor/User/globalStorage/vexrobotics.vexcode/sdk/cpp/V5/V5_20240802_15_00_00/vexv5/libv5rt.a(vex_controller.cpp.obj)
                0x00000000038068cc                vex::controller::controller(vex::controllerType)
                0x00000000038068cc                vex::controller::controller(vex::controllerType)
 .text._ZN3vex10controller3lcd15getControllerIdEv
                0x0000000003806a38       0x10 /Users/sushant/Library/Application Support/Cursor/User/globalStorage/vexrobotics.vexcode/sdk/cpp/V5/V5_20240802_15_00_00/vexv5/libv5rt.a(vex_controller.cpp.obj)
                0x0000000003806a38                vex::controller::lcd::getControllerId()
 .text._ZN3vex10controller3lcd9setCursorEll
                0x0000000003806a48       0x40 /Users/sushant/Library/Application Support/Cursor/User/globalStorage/vexrobotics.vexcode/sdk/cpp/V5/V5_20240802_15_00_00/vexv5/libv5rt.a(vex_controller.cpp.obj)
                0x0000000003806a48                vex::controller::lcd::setCursor(long, long)
 .text._ZN3vex10controller3lcd5printEPKcz
                0x0000000003806a88       0x80 /Users/sushant/Library/Application Support/Cursor/User/globalStorage/vexrobotics.vexcode/sdk/cpp/V5/V5_20240802_15_00_00/vexv5/libv5rt.a(vex_controller.cpp.obj)
                0x0000000003806a88                vex::controller::lcd::print(char const*, ...)
 .text._ZN3vex10controller3lcd9clearLineEi
                0x0000000003806b08       0x80 /Users/sushant/Library/Application Support/Cursor/User/globalStorage/vexrobotics.vexcode/sdk/cpp/V5/V5_20240802_15_00_00/vexv5/libv5rt.a(vex_controller.cpp.obj)
                0x0000000003806b08                vex::controller::lcd::clearLine(int)
 .text._ZN3vex10controller3lcd11clearScreenEv
                0x0000000003806b88       0x5c /Users/sushant/Library/Application Support/Cursor/User/globalStorage/vexrobotics.vexcode/sdk/cpp/V5/V5_20240802_15_00_00/vexv5/libv5rt.a(vex_controller.cpp.obj)
                0x0000000003806b88                vex::controller::lcd::clearScreen()
 .text._ZN3vex4taskC2Ev
                0x0000000003806be4       0x28 /Users/sushant/Library/Application Support/Cursor/User/globalStorage/vexrobotics.vexcode/sdk/cpp/V5/V5_20240802_15_00_00/vexv5/libv5rt.a(vex_task.cpp.obj)
                0x0000000003806be4                vex::task::task()
                0x0000000003806be4                vex::task::task()
 .text._ZN3vex4taskC2EPFivE
                0x0000000003806c0c       0x5c /Users/sushant/Library/Application Support/Cursor/User/globalStorage/vexrobotics.vexcode/sdk/cpp/V5/V5_20240802_15_00_00/vexv5/libv5rt.a(vex_task.cpp.obj)
                0x0000000003806c0c                vex::task::task(int (*)())
                0x0000000003806c0c                vex::task::task(int (*)())
 .text._ZN3vex4taskD2Ev
                0x0000000003806c68        0x4 /Users/sushant/Library/Application Support/Cursor/User/globalStorage/vexrobotics.vexcode/sdk/cpp/V5/V5_20240802_15_00_00/vexv5/libv5rt.a(vex_task.cpp.obj)
                0x0000000003806c68                vex::task::~task()
                0x0000000003806c68                vex::task::~task()
 .text._ZN3vex4task4stopEPvi
                0x0000000003806c6c       0x1c /Users/sushant/Library/Application Support/Cursor/User/globalStorage/vexrobotics.vexcode/sdk/cpp/V5/V5_20240802_15_00_00/vexv5/libv5rt.a(vex_task.cpp.obj)
                0x0000000003806c6c                vex::task::stop(void*, int)
 .text._ZN3vex4task5sleepEm
                0x0000000003806c88        0x4 /Users/sushant/Library/Application Support/Cursor/User/globalStorage/vexrobotics.vexcode/sdk/cpp/V5/V5_20240802_15_00_00/vexv5/libv5rt.a(vex_task.cpp.obj)
                0x0000000003806c88                vex::task::sleep(unsigned long)
 .text._ZN3vex4task6_indexEPFivE
                0x0000000003806c8c       0x14 /Users/sushant/Library/Application Support/Cursor/User/globalStorage/vexrobotics.vexcode/sdk/cpp/V5/V5_20240802_15_00_00/vexv5/libv5rt.a(vex_task.cpp.obj)
                0x0000000003806c8c                vex::task::_index(int (*)())
 .text._ZN3vex4task8_stopAllEv
                0x0000000003806ca0       0x3c /Users/sushant/Library/Application Support/Cursor/User/globalStorage/vexrobotics.vexcode/sdk/cpp/V5/V5_20240802_15_00_00/vexv5/libv5rt.a(vex_task.cpp.obj)
                0x0000000003806ca0                vex::task::_stopAll()
 .text._ZN3vex11this_thread9sleep_forEm
                0x0000000003806cdc        0x4 /Users/sushant/Library/Application Support/Cursor/User/globalStorage/vexrobotics.vexcode/sdk/cpp/V5/V5_20240802_15_00_00/vexv5/libv5rt.a(vex_thread.cpp.obj)
                0x0000000003806cdc                vex::this_thread::sleep_for(unsigned long)
 .text._ZN3vex5event4initEmmPFvvE
                0x0000000003806ce0        0x4 /Users/sushant/Library/Application Support/Cursor/User/globalStorage/vexrobotics.vexcode/sdk/cpp/V5/V5_20240802_15_00_00/vexv5/libv5rt.a(vex_event.cpp.obj)
                0x0000000003806ce0                vex::event::init(unsigned long, unsigned long, void (*)())
 .text._ZN3vex5event4initEmmPFvPvES1_
                0x0000000003806ce4        0x4 /Users/sushant/Library/Application Support/Cursor/User/globalStorage/vexrobotics.vexcode/sdk/cpp/V5/V5_20240802_15_00_00/vexv5/libv5rt.a(vex_event.cpp.obj)
                0x0000000003806ce4                vex::event::init(unsigned long, unsigned long, void (*)(void*), void*)
 .text._ZN3vex5event9userindexEv
                0x0000000003806ce8        0x4 /Users/sushant/Library/Application Support/Cursor/User/globalStorage/vexrobotics.vexcode/sdk/cpp/V5/V5_20240802_15_00_00/vexv5/libv5rt.a(vex_event.cpp.obj)
                0x0000000003806ce8                vex::event::userindex()
 .text._ZZN3vex6meventC4EmmENUlvE_4_FUNEv
                0x0000000003806cec        0x4 /Users/sushant/Library/Application Support/Cursor/User/globalStorage/vexrobotics.vexcode/sdk/cpp/V5/V5_20240802_15_00_00/vexv5/libv5rt.a(vex_mevent.cpp.obj)
 .text._ZN3vex6meventC2Emm
                0x0000000003806cf0       0x70 /Users/sushant/Library/Application Support/Cursor/User/globalStorage/vexrobotics.vexcode/sdk/cpp/V5/V5_20240802_15_00_00/vexv5/libv5rt.a(vex_mevent.cpp.obj)
                0x0000000003806cf0                vex::mevent::mevent(unsigned long, unsigned long)
                0x0000000003806cf0                vex::mevent::mevent(unsigned long, unsigned long)
 .text._ZN3vex5brain9_getIndexEv
                0x0000000003806d60       0x10 /Users/sushant/Library/Application Support/Cursor/User/globalStorage/vexrobotics.vexcode/sdk/cpp/V5/V5_20240802_15_00_00/vexv5/libv5rt.a(vex_brain.cpp.obj)
                0x0000000003806d60                vex::brain::_getIndex()
 .text._ZN3vex5brain3lcd9setCursorEll
                0x0000000003806d70       0x44 /Users/sushant/Library/Application Support/Cursor/User/globalStorage/vexrobotics.vexcode/sdk/cpp/V5/V5_20240802_15_00_00/vexv5/libv5rt.a(vex_brain.cpp.obj)
                0x0000000003806d70                vex::brain::lcd::setCursor(long, long)
 .text._ZN3vex5brain3lcd7setFontENS_8fontTypeE
                0x0000000003806db4      0x23c /Users/sushant/Library/Application Support/Cursor/User/globalStorage/vexrobotics.vexcode/sdk/cpp/V5/V5_20240802_15_00_00/vexv5/libv5rt.a(vex_brain.cpp.obj)
                0x0000000003806db4                vex::brain::lcd::setFont(vex::fontType)
 .text._ZN3vex5brain3lcdC2Ev
                0x0000000003806ff0       0x94 /Users/sushant/Library/Application Support/Cursor/User/globalStorage/vexrobotics.vexcode/sdk/cpp/V5/V5_20240802_15_00_00/vexv5/libv5rt.a(vex_brain.cpp.obj)
                0x0000000003806ff0                vex::brain::lcd::lcd()
                0x0000000003806ff0                vex::brain::lcd::lcd()
 .text._ZN3vex5brainC2Ev
                0x0000000003807084       0x3c /Users/sushant/Library/Application Support/Cursor/User/globalStorage/vexrobotics.vexcode/sdk/cpp/V5/V5_20240802_15_00_00/vexv5/libv5rt.a(vex_brain.cpp.obj)
                0x0000000003807084                vex::brain::brain()
                0x0000000003807084                vex::brain::brain()
 .text._ZN3vex5brain3lcd7printAtEllPKcz
                0x00000000038070c0       0x54 /Users/sushant/Library/Application Support/Cursor/User/globalStorage/vexrobotics.vexcode/sdk/cpp/V5/V5_20240802_15_00_00/vexv5/libv5rt.a(vex_brain.cpp.obj)
                0x00000000038070c0                vex::brain::lcd::printAt(long, long, char const*, ...)
 .text._ZN3vex5brain3lcd12_clearScreenEm
                0x0000000003807114       0x38 /Users/sushant/Library/Application Support/Cursor/User/globalStorage/vexrobotics.vexcode/sdk/cpp/V5/V5_20240802_15_00_00/vexv5/libv5rt.a(vex_brain.cpp.obj)
                0x0000000003807114                vex::brain::lcd::_clearScreen(unsigned long)
 .text._ZN3vex5brain3lcd11clearScreenERKNS_5colorE
                0x000000000380714c       0x20 /Users/sushant/Library/Application Support/Cursor/User/globalStorage/vexrobotics.vexcode/sdk/cpp/V5/V5_20240802_15_00_00/vexv5/libv5rt.a(vex_brain.cpp.obj)
                0x000000000380714c                vex::brain::lcd::clearScreen(vex::color const&)
 .text._ZN3vex5brain3lcd11clearScreenEv
                0x000000000380716c       0x2c /Users/sushant/Library/Application Support/Cursor/User/globalStorage/vexrobotics.vexcode/sdk/cpp/V5/V5_20240802_15_00_00/vexv5/libv5rt.a(vex_brain.cpp.obj)
                0x000000000380716c                vex::brain::lcd::clearScreen()
 .text._ZN3vex5brain3lcd8pressingEv
                0x0000000003807198       0x20 /Users/sushant/Library/Application Support/Cursor/User/globalStorage/vexrobotics.vexcode/sdk/cpp/V5/V5_20240802_15_00_00/vexv5/libv5rt.a(vex_brain.cpp.obj)
                0x0000000003807198                vex::brain::lcd::pressing()
 .text._ZN3vex5brain7battery8capacityENS_12percentUnitsE
                0x00000000038071b8       0x18 /Users/sushant/Library/Application Support/Cursor/User/globalStorage/vexrobotics.vexcode/sdk/cpp/V5/V5_20240802_15_00_00/vexv5/libv5rt.a(vex_brain.cpp.obj)
                0x00000000038071b8                vex::brain::battery::capacity(vex::percentUnits)
 .text._ZN3vex5brainD2Ev
                0x00000000038071d0       0x20 /Users/sushant/Library/Application Support/Cursor/User/globalStorage/vexrobotics.vexcode/sdk/cpp/V5/V5_20240802_15_00_00/vexv5/libv5rt.a(vex_brain.cpp.obj)
                0x00000000038071d0                vex::brain::~brain()
                0x00000000038071d0                vex::brain::~brain()
 .text._ZN3vex11competition8_disableEPv
                0x00000000038071f0       0xa4 /Users/sushant/Library/Application Support/Cursor/User/globalStorage/vexrobotics.vexcode/sdk/cpp/V5/V5_20240802_15_00_00/vexv5/libv5rt.a(vex_competition.cpp.obj)
                0x00000000038071f0                vex::competition::_disable(void*)
 .text._ZN3vex11competition11_autonomousEv
                0x0000000003807294       0x80 /Users/sushant/Library/Application Support/Cursor/User/globalStorage/vexrobotics.vexcode/sdk/cpp/V5/V5_20240802_15_00_00/vexv5/libv5rt.a(vex_competition.cpp.obj)
                0x0000000003807294                vex::competition::_autonomous()
 .text._ZN3vex11competition14_drivercontrolEv
                0x0000000003807314       0x80 /Users/sushant/Library/Application Support/Cursor/User/globalStorage/vexrobotics.vexcode/sdk/cpp/V5/V5_20240802_15_00_00/vexv5/libv5rt.a(vex_competition.cpp.obj)
                0x0000000003807314                vex::competition::_drivercontrol()
 .text._ZN3vex11competitionC2Ev
                0x0000000003807394      0x13c /Users/sushant/Library/Application Support/Cursor/User/globalStorage/vexrobotics.vexcode/sdk/cpp/V5/V5_20240802_15_00_00/vexv5/libv5rt.a(vex_competition.cpp.obj)
                0x0000000003807394                vex::competition::competition()
                0x0000000003807394                vex::competition::competition()
 .text._ZN3vex11competitionD2Ev
                0x00000000038074d0        0x4 /Users/sushant/Library/Application Support/Cursor/User/globalStorage/vexrobotics.vexcode/sdk/cpp/V5/V5_20240802_15_00_00/vexv5/libv5rt.a(vex_competition.cpp.obj)
                0x00000000038074d0                vex::competition::~competition()
                0x00000000038074d0                vex::competition::~competition()
 .text._ZN3vex11competition10autonomousEPFvvE
                0x00000000038074d4       0x44 /Users/sushant/Library/Application Support/Cursor/User/globalStorage/vexrobotics.vexcode/sdk/cpp/V5/V5_20240802_15_00_00/vexv5/libv5rt.a(vex_competition.cpp.obj)
                0x00000000038074d4                vex::competition::autonomous(void (*)())
 .text._ZN3vex11competition13drivercontrolEPFvvE
                0x0000000003807518       0x44 /Users/sushant/Library/Application Support/Cursor/User/globalStorage/vexrobotics.vexcode/sdk/cpp/V5/V5_20240802_15_00_00/vexv5/libv5rt.a(vex_competition.cpp.obj)
                0x0000000003807518                vex::competition::drivercontrol(void (*)())
 .text._ZN3vex7triportD2Ev
                0x000000000380755c       0x38 /Users/sushant/Library/Application Support/Cursor/User/globalStorage/vexrobotics.vexcode/sdk/cpp/V5/V5_20240802_15_00_00/vexv5/libv5rt.a(vex_triport.cpp.obj)
                0x000000000380755c                vex::triport::~triport()
                0x000000000380755c                vex::triport::~triport()
 .text._ZN3vex7triportD0Ev
                0x0000000003807594       0x1c /Users/sushant/Library/Application Support/Cursor/User/globalStorage/vexrobotics.vexcode/sdk/cpp/V5/V5_20240802_15_00_00/vexv5/libv5rt.a(vex_triport.cpp.obj)
                0x0000000003807594                vex::triport::~triport()
 .text._ZN3vex7triport9installedEv
                0x00000000038075b0       0x18 /Users/sushant/Library/Application Support/Cursor/User/globalStorage/vexrobotics.vexcode/sdk/cpp/V5/V5_20240802_15_00_00/vexv5/libv5rt.a(vex_triport.cpp.obj)
                0x00000000038075b0                vex::triport::installed()
 .text._ZN3vex7triport4portC2ElPS0_
                0x00000000038075c8       0x74 /Users/sushant/Library/Application Support/Cursor/User/globalStorage/vexrobotics.vexcode/sdk/cpp/V5/V5_20240802_15_00_00/vexv5/libv5rt.a(vex_triport.cpp.obj)
                0x00000000038075c8                vex::triport::port::port(long, vex::triport*)
                0x00000000038075c8                vex::triport::port::port(long, vex::triport*)
 .text._ZN3vex7triportC2El
                0x000000000380763c       0xf0 /Users/sushant/Library/Application Support/Cursor/User/globalStorage/vexrobotics.vexcode/sdk/cpp/V5/V5_20240802_15_00_00/vexv5/libv5rt.a(vex_triport.cpp.obj)
                0x000000000380763c                vex::triport::triport(long)
                0x000000000380763c                vex::triport::triport(long)
 .text._ZN3vex7triport4port4typeENS_11triportTypeE
                0x000000000380772c       0x30 /Users/sushant/Library/Application Support/Cursor/User/globalStorage/vexrobotics.vexcode/sdk/cpp/V5/V5_20240802_15_00_00/vexv5/libv5rt.a(vex_triport.cpp.obj)
                0x000000000380772c                vex::triport::port::type(vex::triportType)
 .text._ZN3vex7triport4port4typeEv
                0x000000000380775c       0x38 /Users/sushant/Library/Application Support/Cursor/User/globalStorage/vexrobotics.vexcode/sdk/cpp/V5/V5_20240802_15_00_00/vexv5/libv5rt.a(vex_triport.cpp.obj)
                0x000000000380775c                vex::triport::port::type()
 .text._ZN3vex7triport4port5valueEv
                0x0000000003807794       0x14 /Users/sushant/Library/Application Support/Cursor/User/globalStorage/vexrobotics.vexcode/sdk/cpp/V5/V5_20240802_15_00_00/vexv5/libv5rt.a(vex_triport.cpp.obj)
                0x0000000003807794                vex::triport::port::value()
 .text._ZN3vex7triport4port5valueEl
                0x00000000038077a8       0x18 /Users/sushant/Library/Application Support/Cursor/User/globalStorage/vexrobotics.vexcode/sdk/cpp/V5/V5_20240802_15_00_00/vexv5/libv5rt.a(vex_triport.cpp.obj)
                0x00000000038077a8                vex::triport::port::value(long)
 .text._ZN3vex7triport4port8rotationENS_13rotationUnitsE
                0x00000000038077c0       0x40 /Users/sushant/Library/Application Support/Cursor/User/globalStorage/vexrobotics.vexcode/sdk/cpp/V5/V5_20240802_15_00_00/vexv5/libv5rt.a(vex_triport.cpp.obj)
                0x00000000038077c0                vex::triport::port::rotation(vex::rotationUnits)
 .text._ZN3vex11__trideviceC2ERNS_7triport4portENS_11triportTypeE
                0x0000000003807800       0x5c /Users/sushant/Library/Application Support/Cursor/User/globalStorage/vexrobotics.vexcode/sdk/cpp/V5/V5_20240802_15_00_00/vexv5/libv5rt.a(vex_triport.cpp.obj)
                0x0000000003807800                vex::__tridevice::__tridevice(vex::triport::port&, vex::triportType)
                0x0000000003807800                vex::__tridevice::__tridevice(vex::triport::port&, vex::triportType)
 .text._ZN3vex11digital_outC2ERNS_7triport4portE
                0x000000000380785c       0x18 /Users/sushant/Library/Application Support/Cursor/User/globalStorage/vexrobotics.vexcode/sdk/cpp/V5/V5_20240802_15_00_00/vexv5/libv5rt.a(vex_triport.cpp.obj)
                0x000000000380785c                vex::digital_out::digital_out(vex::triport::port&)
                0x000000000380785c                vex::digital_out::digital_out(vex::triport::port&)
 .text._ZN3vex11digital_outD2Ev
                0x0000000003807874        0x4 /Users/sushant/Library/Application Support/Cursor/User/globalStorage/vexrobotics.vexcode/sdk/cpp/V5/V5_20240802_15_00_00/vexv5/libv5rt.a(vex_triport.cpp.obj)
                0x0000000003807874                vex::digital_out::~digital_out()
                0x0000000003807874                vex::digital_out::~digital_out()
 .text._ZN3vex11digital_out5valueEv
                0x0000000003807878        0x8 /Users/sushant/Library/Application Support/Cursor/User/globalStorage/vexrobotics.vexcode/sdk/cpp/V5/V5_20240802_15_00_00/vexv5/libv5rt.a(vex_triport.cpp.obj)
                0x0000000003807878                vex::digital_out::value()
 .text._ZN3vex11digital_out3setEb
                0x0000000003807880        0x8 /Users/sushant/Library/Application Support/Cursor/User/globalStorage/vexrobotics.vexcode/sdk/cpp/V5/V5_20240802_15_00_00/vexv5/libv5rt.a(vex_triport.cpp.obj)
                0x0000000003807880                vex::digital_out::set(bool)
 .text._ZN3vex7encoderC2ERNS_7triport4portE
                0x0000000003807888       0x20 /Users/sushant/Library/Application Support/Cursor/User/globalStorage/vexrobotics.vexcode/sdk/cpp/V5/V5_20240802_15_00_00/vexv5/libv5rt.a(vex_triport.cpp.obj)
                0x0000000003807888                vex::encoder::encoder(vex::triport::port&)
                0x0000000003807888                vex::encoder::encoder(vex::triport::port&)
 .text._ZN3vex7encoderD2Ev
                0x00000000038078a8        0x4 /Users/sushant/Library/Application Support/Cursor/User/globalStorage/vexrobotics.vexcode/sdk/cpp/V5/V5_20240802_15_00_00/vexv5/libv5rt.a(vex_triport.cpp.obj)
                0x00000000038078a8                vex::encoder::~encoder()
                0x00000000038078a8                vex::encoder::~encoder()
 .text._ZN3vex7encoder8positionENS_13rotationUnitsE
                0x00000000038078ac        0x8 /Users/sushant/Library/Application Support/Cursor/User/globalStorage/vexrobotics.vexcode/sdk/cpp/V5/V5_20240802_15_00_00/vexv5/libv5rt.a(vex_triport.cpp.obj)
                0x00000000038078ac                vex::encoder::position(vex::rotationUnits)
 .text._ZN3vex5colorD2Ev
                0x00000000038078b4        0x4 /Users/sushant/Library/Application Support/Cursor/User/globalStorage/vexrobotics.vexcode/sdk/cpp/V5/V5_20240802_15_00_00/vexv5/libv5rt.a(vex_color.cpp.obj)
                0x00000000038078b4                vex::color::~color()
                0x00000000038078b4                vex::color::~color()
 .text._ZNK3vex5colorcvmEv
                0x00000000038078b8        0x8 /Users/sushant/Library/Application Support/Cursor/User/globalStorage/vexrobotics.vexcode/sdk/cpp/V5/V5_20240802_15_00_00/vexv5/libv5rt.a(vex_color.cpp.obj)
                0x00000000038078b8                vex::color::operator unsigned long() const
 .text.startup._GLOBAL__sub_I__ZN3vex5color5blackE
                0x00000000038078c0      0x164 /Users/sushant/Library/Application Support/Cursor/User/globalStorage/vexrobotics.vexcode/sdk/cpp/V5/V5_20240802_15_00_00/vexv5/libv5rt.a(vex_color.cpp.obj)
 .text._ZN3vex5timerD2Ev
                0x0000000003807a24        0x4 /Users/sushant/Library/Application Support/Cursor/User/globalStorage/vexrobotics.vexcode/sdk/cpp/V5/V5_20240802_15_00_00/vexv5/libv5rt.a(vex_timer.cpp.obj)
                0x0000000003807a24                vex::timer::~timer()
                0x0000000003807a24                vex::timer::~timer()
 .text._ZN3vex5timer5clearEv
                0x0000000003807a28       0x1c /Users/sushant/Library/Application Support/Cursor/User/globalStorage/vexrobotics.vexcode/sdk/cpp/V5/V5_20240802_15_00_00/vexv5/libv5rt.a(vex_timer.cpp.obj)
                0x0000000003807a28                vex::timer::clear()
 .text._ZN3vex5timerC2Ev
                0x0000000003807a44       0x14 /Users/sushant/Library/Application Support/Cursor/User/globalStorage/vexrobotics.vexcode/sdk/cpp/V5/V5_20240802_15_00_00/vexv5/libv5rt.a(vex_timer.cpp.obj)
                0x0000000003807a44                vex::timer::timer()
                0x0000000003807a44                vex::timer::timer()
 .text._ZNK3vex5timer4timeENS_9timeUnitsE
                0x0000000003807a58       0x40 /Users/sushant/Library/Application Support/Cursor/User/globalStorage/vexrobotics.vexcode/sdk/cpp/V5/V5_20240802_15_00_00/vexv5/libv5rt.a(vex_timer.cpp.obj)
                0x0000000003807a58                vex::timer::time(vex::timeUnits) const
 .text._ZN3vex11motor_group18motor_group_motorsC2Ev
                0x0000000003807a98       0x28 /Users/sushant/Library/Application Support/Cursor/User/globalStorage/vexrobotics.vexcode/sdk/cpp/V5/V5_20240802_15_00_00/vexv5/libv5rt.a(vex_motorgroup.cpp.obj)
                0x0000000003807a98                vex::motor_group::motor_group_motors::motor_group_motors()
                0x0000000003807a98                vex::motor_group::motor_group_motors::motor_group_motors()
 .text._ZN3vex11motor_group18motor_group_motorsC2ERKS1_
                0x0000000003807ac0       0x20 /Users/sushant/Library/Application Support/Cursor/User/globalStorage/vexrobotics.vexcode/sdk/cpp/V5/V5_20240802_15_00_00/vexv5/libv5rt.a(vex_motorgroup.cpp.obj)
                0x0000000003807ac0                vex::motor_group::motor_group_motors::motor_group_motors(vex::motor_group::motor_group_motors const&)
                0x0000000003807ac0                vex::motor_group::motor_group_motors::motor_group_motors(vex::motor_group::motor_group_motors const&)
 .text._ZN3vex11motor_groupC2Ev
                0x0000000003807ae0       0x1c /Users/sushant/Library/Application Support/Cursor/User/globalStorage/vexrobotics.vexcode/sdk/cpp/V5/V5_20240802_15_00_00/vexv5/libv5rt.a(vex_motorgroup.cpp.obj)
                0x0000000003807ae0                vex::motor_group::motor_group()
                0x0000000003807ae0                vex::motor_group::motor_group()
 .text._ZN3vex11motor_groupD2Ev
                0x0000000003807afc        0x4 /Users/sushant/Library/Application Support/Cursor/User/globalStorage/vexrobotics.vexcode/sdk/cpp/V5/V5_20240802_15_00_00/vexv5/libv5rt.a(vex_motorgroup.cpp.obj)
                0x0000000003807afc                vex::motor_group::~motor_group()
                0x0000000003807afc                vex::motor_group::~motor_group()
 .text._ZN3vex11motor_group9_addMotorERNS_5motorE
                0x0000000003807b00       0x20 /Users/sushant/Library/Application Support/Cursor/User/globalStorage/vexrobotics.vexcode/sdk/cpp/V5/V5_20240802_15_00_00/vexv5/libv5rt.a(vex_motorgroup.cpp.obj)
                0x0000000003807b00                vex::motor_group::_addMotor(vex::motor&)
 .text._ZN3vex11motor_group11setStoppingENS_9brakeTypeE
                0x0000000003807b20       0x38 /Users/sushant/Library/Application Support/Cursor/User/globalStorage/vexrobotics.vexcode/sdk/cpp/V5/V5_20240802_15_00_00/vexv5/libv5rt.a(vex_motorgroup.cpp.obj)
                0x0000000003807b20                vex::motor_group::setStopping(vex::brakeType)
 .text._ZN3vex11motor_group13resetPositionEv
                0x0000000003807b58       0x30 /Users/sushant/Library/Application Support/Cursor/User/globalStorage/vexrobotics.vexcode/sdk/cpp/V5/V5_20240802_15_00_00/vexv5/libv5rt.a(vex_motorgroup.cpp.obj)